Archive member included to satisfy reference by file (symbol)

c:/Users/kroko/AppData/Roaming/Code/User/globalStorage/bmd.stm32-for-vscode/@xpack-dev-tools/arm-none-eabi-gcc/13.3.1-1.1.1/.content/bin/../lib/gcc/arm-none-eabi/13.3.1/../../../../arm-none-eabi/lib/thumb/v7e-m+fp/hard\libc_nano.a(libc_a-atexit.o)
                              c:/Users/kroko/AppData/Roaming/Code/User/globalStorage/bmd.stm32-for-vscode/@xpack-dev-tools/arm-none-eabi-gcc/13.3.1-1.1.1/.content/bin/../lib/gcc/arm-none-eabi/13.3.1/../../../../arm-none-eabi/lib/thumb/v7e-m+fp/hard/crt0.o (atexit)
c:/Users/kroko/AppData/Roaming/Code/User/globalStorage/bmd.stm32-for-vscode/@xpack-dev-tools/arm-none-eabi-gcc/13.3.1-1.1.1/.content/bin/../lib/gcc/arm-none-eabi/13.3.1/../../../../arm-none-eabi/lib/thumb/v7e-m+fp/hard\libc_nano.a(libc_a-atof.o)
                              build/debug/Core/Src/main.o (atof)
c:/Users/kroko/AppData/Roaming/Code/User/globalStorage/bmd.stm32-for-vscode/@xpack-dev-tools/arm-none-eabi-gcc/13.3.1-1.1.1/.content/bin/../lib/gcc/arm-none-eabi/13.3.1/../../../../arm-none-eabi/lib/thumb/v7e-m+fp/hard\libc_nano.a(libc_a-exit.o)
                              c:/Users/kroko/AppData/Roaming/Code/User/globalStorage/bmd.stm32-for-vscode/@xpack-dev-tools/arm-none-eabi-gcc/13.3.1-1.1.1/.content/bin/../lib/gcc/arm-none-eabi/13.3.1/../../../../arm-none-eabi/lib/thumb/v7e-m+fp/hard/crt0.o (exit)
c:/Users/kroko/AppData/Roaming/Code/User/globalStorage/bmd.stm32-for-vscode/@xpack-dev-tools/arm-none-eabi-gcc/13.3.1-1.1.1/.content/bin/../lib/gcc/arm-none-eabi/13.3.1/../../../../arm-none-eabi/lib/thumb/v7e-m+fp/hard\libc_nano.a(libc_a-strtod.o)
                              c:/Users/kroko/AppData/Roaming/Code/User/globalStorage/bmd.stm32-for-vscode/@xpack-dev-tools/arm-none-eabi-gcc/13.3.1-1.1.1/.content/bin/../lib/gcc/arm-none-eabi/13.3.1/../../../../arm-none-eabi/lib/thumb/v7e-m+fp/hard\libc_nano.a(libc_a-atof.o) (strtod)
c:/Users/kroko/AppData/Roaming/Code/User/globalStorage/bmd.stm32-for-vscode/@xpack-dev-tools/arm-none-eabi-gcc/13.3.1-1.1.1/.content/bin/../lib/gcc/arm-none-eabi/13.3.1/../../../../arm-none-eabi/lib/thumb/v7e-m+fp/hard\libc_nano.a(libc_a-efgcvt.o)
                              build/debug/Core/Src/info_disp.o (gcvt)
c:/Users/kroko/AppData/Roaming/Code/User/globalStorage/bmd.stm32-for-vscode/@xpack-dev-tools/arm-none-eabi-gcc/13.3.1-1.1.1/.content/bin/../lib/gcc/arm-none-eabi/13.3.1/../../../../arm-none-eabi/lib/thumb/v7e-m+fp/hard\libc_nano.a(libc_a-findfp.o)
                              c:/Users/kroko/AppData/Roaming/Code/User/globalStorage/bmd.stm32-for-vscode/@xpack-dev-tools/arm-none-eabi-gcc/13.3.1-1.1.1/.content/bin/../lib/gcc/arm-none-eabi/13.3.1/../../../../arm-none-eabi/lib/thumb/v7e-m+fp/hard\libc_nano.a(libc_a-exit.o) (__stdio_exit_handler)
c:/Users/kroko/AppData/Roaming/Code/User/globalStorage/bmd.stm32-for-vscode/@xpack-dev-tools/arm-none-eabi-gcc/13.3.1-1.1.1/.content/bin/../lib/gcc/arm-none-eabi/13.3.1/../../../../arm-none-eabi/lib/thumb/v7e-m+fp/hard\libc_nano.a(libc_a-fwalk.o)
                              c:/Users/kroko/AppData/Roaming/Code/User/globalStorage/bmd.stm32-for-vscode/@xpack-dev-tools/arm-none-eabi-gcc/13.3.1-1.1.1/.content/bin/../lib/gcc/arm-none-eabi/13.3.1/../../../../arm-none-eabi/lib/thumb/v7e-m+fp/hard\libc_nano.a(libc_a-findfp.o) (_fwalk_sglue)
c:/Users/kroko/AppData/Roaming/Code/User/globalStorage/bmd.stm32-for-vscode/@xpack-dev-tools/arm-none-eabi-gcc/13.3.1-1.1.1/.content/bin/../lib/gcc/arm-none-eabi/13.3.1/../../../../arm-none-eabi/lib/thumb/v7e-m+fp/hard\libc_nano.a(libc_a-sprintf.o)
                              build/debug/Core/Src/info_disp.o (sprintf)
c:/Users/kroko/AppData/Roaming/Code/User/globalStorage/bmd.stm32-for-vscode/@xpack-dev-tools/arm-none-eabi-gcc/13.3.1-1.1.1/.content/bin/../lib/gcc/arm-none-eabi/13.3.1/../../../../arm-none-eabi/lib/thumb/v7e-m+fp/hard\libc_nano.a(libc_a-stdio.o)
                              c:/Users/kroko/AppData/Roaming/Code/User/globalStorage/bmd.stm32-for-vscode/@xpack-dev-tools/arm-none-eabi-gcc/13.3.1-1.1.1/.content/bin/../lib/gcc/arm-none-eabi/13.3.1/../../../../arm-none-eabi/lib/thumb/v7e-m+fp/hard\libc_nano.a(libc_a-findfp.o) (__sread)
c:/Users/kroko/AppData/Roaming/Code/User/globalStorage/bmd.stm32-for-vscode/@xpack-dev-tools/arm-none-eabi-gcc/13.3.1-1.1.1/.content/bin/../lib/gcc/arm-none-eabi/13.3.1/../../../../arm-none-eabi/lib/thumb/v7e-m+fp/hard\libc_nano.a(libc_a-vsnprintf.o)
                              build/debug/Core/Src/dispcolor.o (vsnprintf)
c:/Users/kroko/AppData/Roaming/Code/User/globalStorage/bmd.stm32-for-vscode/@xpack-dev-tools/arm-none-eabi-gcc/13.3.1-1.1.1/.content/bin/../lib/gcc/arm-none-eabi/13.3.1/../../../../arm-none-eabi/lib/thumb/v7e-m+fp/hard\libc_nano.a(libc_a-memset.o)
[...]
Memory Configuration

Name             Origin             Length             Attributes
RAM              0x20000000         0x00050000         xrw
FLASH            0x08000000         0x00180000         xr
*default*        0x00000000         0xffffffff

Linker script and memory map

LOAD c:/Users/kroko/AppData/Roaming/Code/User/globalStorage/bmd.stm32-for-vscode/@xpack-dev-tools/arm-none-eabi-gcc/13.3.1-1.1.1/.content/bin/../lib/gcc/arm-none-eabi/13.3.1/thumb/v7e-m+fp/hard/crti.o
LOAD c:/Users/kroko/AppData/Roaming/Code/User/globalStorage/bmd.stm32-for-vscode/@xpack-dev-tools/arm-none-eabi-gcc/13.3.1-1.1.1/.content/bin/../lib/gcc/arm-none-eabi/13.3.1/thumb/v7e-m+fp/hard/crtbegin.o
LOAD c:/Users/kroko/AppData/Roaming/Code/User/globalStorage/bmd.stm32-for-vscode/@xpack-dev-tools/arm-none-eabi-gcc/13.3.1-1.1.1/.content/bin/../lib/gcc/arm-none-eabi/13.3.1/../../../../arm-none-eabi/lib/thumb/v7e-m+fp/hard/crt0.o
LOAD build/debug/Core/Src/buttons.o
LOAD build/debug/Core/Src/dispcolor.o
LOAD build/debug/Core/Src/enc.o
LOAD build/debug/Core/Src/f16f.o
LOAD build/debug/Core/Src/f24f.o
LOAD build/debug/Core/Src/f32f.o
LOAD build/debug/Core/Src/f6x8m.o
LOAD build/debug/Core/Src/font.o
LOAD build/debug/Core/Src/gc9a01a.o
LOAD build/debug/Core/Src/gpio.o
LOAD build/debug/Core/Src/info_disp.o
LOAD build/debug/Core/Src/main.o
LOAD build/debug/Core/Src/spim.o
LOAD build/debug/Core/Src/stm32f4xx_hal_msp.o
LOAD build/debug/Core/Src/stm32f4xx_it.o
LOAD build/debug/Core/Src/syscalls.o
LOAD build/debug/Core/Src/sysmem.o
LOAD build/debug/Core/Src/system_stm32f4xx.o
LOAD build/debug/Drivers/STM32F4xx_HAL_Driver/Src/stm32f4xx_hal.o
LOAD build/debug/Drivers/STM32F4xx_HAL_Driver/Src/stm32f4xx_hal_cortex.o
LOAD build/debug/Drivers/STM32F4xx_HAL_Driver/Src/stm32f4xx_hal_dma.o
LOAD build/debug/Drivers/STM32F4xx_HAL_Driver/Src/stm32f4xx_hal_dma_ex.o
LOAD build/debug/Drivers/STM32F4xx_HAL_Driver/Src/stm32f4xx_hal_exti.o
LOAD build/debug/Drivers/STM32F4xx_HAL_Driver/Src/stm32f4xx_hal_flash.o
LOAD build/debug/Drivers/STM32F4xx_HAL_Driver/Src/stm32f4xx_hal_flash_ex.o
LOAD build/debug/Drivers/STM32F4xx_HAL_Driver/Src/stm32f4xx_hal_flash_ramfunc.o
LOAD build/debug/Drivers/STM32F4xx_HAL_Driver/Src/stm32f4xx_hal_gpio.o
LOAD build/debug/Drivers/STM32F4xx_HAL_Driver/Src/stm32f4xx_hal_pcd.o
LOAD build/debug/Drivers/STM32F4xx_HAL_Driver/Src/stm32f4xx_hal_pcd_ex.o
LOAD build/debug/Drivers/STM32F4xx_HAL_Driver/Src/stm32f4xx_hal_pwr.o
LOAD build/debug/Drivers/STM32F4xx_HAL_Driver/Src/stm32f4xx_hal_pwr_ex.o
LOAD build/debug/Drivers/STM32F4xx_HAL_Driver/Src/stm32f4xx_hal_rcc.o
LOAD build/debug/Drivers/STM32F4xx_HAL_Driver/Src/stm32f4xx_hal_rcc_ex.o
LOAD build/debug/Drivers/STM32F4xx_HAL_Driver/Src/stm32f4xx_hal_spi.o
LOAD build/debug/Drivers/STM32F4xx_HAL_Driver/Src/stm32f4xx_hal_tim.o
LOAD build/debug/Drivers/STM32F4xx_HAL_Driver/Src/stm32f4xx_hal_tim_ex.o
LOAD build/debug/Drivers/STM32F4xx_HAL_Driver/Src/stm32f4xx_hal_uart.o
LOAD build/debug/Drivers/STM32F4xx_HAL_Driver/Src/stm32f4xx_ll_usb.o
LOAD build/debug/startup_stm32f413xx.o
LOAD c:/Users/kroko/AppData/Roaming/Code/User/globalStorage/bmd.stm32-for-vscode/@xpack-dev-tools/arm-none-eabi-gcc/13.3.1-1.1.1/.content/bin/../lib/gcc/arm-none-eabi/13.3.1/../../../../arm-none-eabi/lib/thumb/v7e-m+fp/hard\libc_nano.a
LOAD c:/Users/kroko/AppData/Roaming/Code/User/globalStorage/bmd.stm32-for-vscode/@xpack-dev-tools/arm-none-eabi-gcc/13.3.1-1.1.1/.content/bin/../lib/gcc/arm-none-eabi/13.3.1/../../../../arm-none-eabi/lib/thumb/v7e-m+fp/hard\libm.a
LOAD c:/Users/kroko/AppData/Roaming/Code/User/globalStorage/bmd.stm32-for-vscode/@xpack-dev-tools/arm-none-eabi-gcc/13.3.1-1.1.1/.content/bin/../lib/gcc/arm-none-eabi/13.3.1/../../../../arm-none-eabi/lib/thumb/v7e-m+fp/hard\libnosys.a
START GROUP
LOAD c:/Users/kroko/AppData/Roaming/Code/User/globalStorage/bmd.stm32-for-vscode/@xpack-dev-tools/arm-none-eabi-gcc/13.3.1-1.1.1/.content/bin/../lib/gcc/arm-none-eabi/13.3.1/thumb/v7e-m+fp/hard\libgcc.a
LOAD c:/Users/kroko/AppData/Roaming/Code/User/globalStorage/bmd.stm32-for-vscode/@xpack-dev-tools/arm-none-eabi-gcc/13.3.1-1.1.1/.content/bin/../lib/gcc/arm-none-eabi/13.3.1/../../../../arm-none-eabi/lib/thumb/v7e-m+fp/hard\libc_nano.a
END GROUP
START GROUP
LOAD c:/Users/kroko/AppData/Roaming/Code/User/globalStorage/bmd.stm32-for-vscode/@xpack-dev-tools/arm-none-eabi-gcc/13.3.1-1.1.1/.content/bin/../lib/gcc/arm-none-eabi/13.3.1/thumb/v7e-m+fp/hard\libgcc.a
LOAD c:/Users/kroko/AppData/Roaming/Code/User/globalStorage/bmd.stm32-for-vscode/@xpack-dev-tools/arm-none-eabi-gcc/13.3.1-1.1.1/.content/bin/../lib/gcc/arm-none-eabi/13.3.1/../../../../arm-none-eabi/lib/thumb/v7e-m+fp/hard\libc_nano.a
END GROUP
LOAD c:/Users/kroko/AppData/Roaming/Code/User/globalStorage/bmd.stm32-for-vscode/@xpack-dev-tools/arm-none-eabi-gcc/13.3.1-1.1.1/.content/bin/../lib/gcc/arm-none-eabi/13.3.1/thumb/v7e-m+fp/hard/crtend.o
LOAD c:/Users/kroko/AppData/Roaming/Code/User/globalStorage/bmd.stm32-for-vscode/@xpack-dev-tools/arm-none-eabi-gcc/13.3.1-1.1.1/.content/bin/../lib/gcc/arm-none-eabi/13.3.1/thumb/v7e-m+fp/hard/crtn.o
                0x20050000                        _estack = (ORIGIN (RAM) + LENGTH (RAM))
                0x00000200                        _Min_Heap_Size = 0x200
                0x00000400                        _Min_Stack_Size = 0x400

.isr_vector     0x08000000      0x1d8
                0x08000000                        . = ALIGN (0x4)
 *(.isr_vector)
 .isr_vector    0x08000000      0x1d8 build/debug/startup_stm32f413xx.o
                0x08000000                g_pfnVectors
                0x080001d8                        . = ALIGN (0x4)

.text           0x080001e0     0xaa28
                0x080001e0                        . = ALIGN (0x4)
 *(.text)
 .text          0x080001e0       0xa0 c:/Users/kroko/AppData/Roaming/Code/User/globalStorage/bmd.stm32-for-vscode/@xpack-dev-tools/arm-none-eabi-gcc/13.3.1-1.1.1/.content/bin/../lib/gcc/arm-none-eabi/13.3.1/../../../../arm-none-eabi/lib/thumb/v7e-m+fp/hard\libc_nano.a(libc_a-memchr.o)
                0x080001e0                memchr
 .text          0x08000280      0x378 c:/Users/kroko/AppData/Roaming/Code/User/globalStorage/bmd.stm32-for-vscode/@xpack-dev-tools/arm-none-eabi-gcc/13.3.1-1.1.1/.content/bin/../lib/gcc/arm-none-eabi/13.3.1/thumb/v7e-m+fp/hard\libgcc.a(_arm_addsubdf3.o)
                0x08000280                __aeabi_drsub
                0x08000288                __aeabi_dsub
                0x08000288                __subdf3
                0x0800028c                __aeabi_dadd
                0x0800028c                __adddf3
                0x08000504                __floatunsidf
                0x08000504                __aeabi_ui2d
                0x08000524                __floatsidf
                0x08000524                __aeabi_i2d
                0x08000548                __aeabi_f2d
                0x08000548                __extendsfdf2
                0x0800058c                __floatundidf
                0x0800058c                __aeabi_ul2d
                0x0800059c                __floatdidf
                0x0800059c                __aeabi_l2d
 .text          0x080005f8      0x424 c:/Users/kroko/AppData/Roaming/Code/User/globalStorage/bmd.stm32-for-vscode/@xpack-dev-tools/arm-none-eabi-gcc/13.3.1-1.1.1/.content/bin/../lib/gcc/arm-none-eabi/13.3.1/thumb/v7e-m+fp/hard\libgcc.a(_arm_muldivdf3.o)
                0x080005f8                __aeabi_dmul
                0x080005f8                __muldf3
                0x0800084c                __divdf3
                0x0800084c                __aeabi_ddiv
 .text          0x08000a1c      0x110 c:/Users/kroko/AppData/Roaming/Code/User/globalStorage/bmd.stm32-for-vscode/@xpack-dev-tools/arm-none-eabi-gcc/13.3.1-1.1.1/.content/bin/../lib/gcc/arm-none-eabi/13.3.1/thumb/v7e-m+fp/hard\libgcc.a(_arm_cmpdf2.o)
                0x08000a1c                __gtdf2
                0x08000a1c                __gedf2
                0x08000a24                __ltdf2
                0x08000a24                __ledf2
                0x08000a2c                __nedf2
                0x08000a2c                __eqdf2
                0x08000a2c                __cmpdf2
                0x08000aa8                __aeabi_cdrcmple
                0x08000ab8                __aeabi_cdcmpeq
                0x08000ab8                __aeabi_cdcmple
                0x08000ac8                __aeabi_dcmpeq
                0x08000adc                __aeabi_dcmplt
                0x08000af0                __aeabi_dcmple
                0x08000b04                __aeabi_dcmpge
                0x08000b18                __aeabi_dcmpgt
 .text          0x08000b2c       0x50 c:/Users/kroko/AppData/Roaming/Code/User/globalStorage/bmd.stm32-for-vscode/@xpack-dev-tools/arm-none-eabi-gcc/13.3.1-1.1.1/.content/bin/../lib/gcc/arm-none-eabi/13.3.1/thumb/v7e-m+fp/hard\libgcc.a(_arm_fixdfsi.o)
                0x08000b2c                __aeabi_d2iz
                0x08000b2c                __fixdfsi
 .text          0x08000b7c       0x40 c:/Users/kroko/AppData/Roaming/Code/User/globalStorage/bmd.stm32-for-vscode/@xpack-dev-tools/arm-none-eabi-gcc/13.3.1-1.1.1/.content/bin/../lib/gcc/arm-none-eabi/13.3.1/thumb/v7e-m+fp/hard\libgcc.a(_arm_fixunsdfsi.o)
                0x08000b7c                __aeabi_d2uiz
                0x08000b7c                __fixunsdfsi
 .text          0x08000bbc       0xa0 c:/Users/kroko/AppData/Roaming/Code/User/globalStorage/bmd.stm32-for-vscode/@xpack-dev-tools/arm-none-eabi-gcc/13.3.1-1.1.1/.content/bin/../lib/gcc/arm-none-eabi/13.3.1/thumb/v7e-m+fp/hard\libgcc.a(_arm_truncdfsf2.o)
                0x08000bbc                __truncdfsf2
                0x08000bbc                __aeabi_d2f
 .text          0x08000c5c       0x30 c:/Users/kroko/AppData/Roaming/Code/User/globalStorage/bmd.stm32-for-vscode/@xpack-dev-tools/arm-none-eabi-gcc/13.3.1-1.1.1/.content/bin/../lib/gcc/arm-none-eabi/13.3.1/thumb/v7e-m+fp/hard\libgcc.a(_aeabi_uldivmod.o)
                0x08000c5c                __aeabi_uldivmod
 .text          0x08000c8c        0x4 c:/Users/kroko/AppData/Roaming/Code/User/globalStorage/bmd.stm32-for-vscode/@xpack-dev-tools/arm-none-eabi-gcc/13.3.1-1.1.1/.content/bin/../lib/gcc/arm-none-eabi/13.3.1/thumb/v7e-m+fp/hard\libgcc.a(_dvmd_tls.o)
                0x08000c8c                __aeabi_idiv0
                0x08000c8c                __aeabi_ldiv0
 *(.text*)
 .text.__do_global_dtors_aux
                0x08000c90       0x24 c:/Users/kroko/AppData/Roaming/Code/User/globalStorage/bmd.stm32-for-vscode/@xpack-dev-tools/arm-none-eabi-gcc/13.3.1-1.1.1/.content/bin/../lib/gcc/arm-none-eabi/13.3.1/thumb/v7e-m+fp/hard/crtbegin.o
 .text.frame_dummy
                0x08000cb4       0x1c c:/Users/kroko/AppData/Roaming/Code/User/globalStorage/bmd.stm32-for-vscode/@xpack-dev-tools/arm-none-eabi-gcc/13.3.1-1.1.1/.content/bin/../lib/gcc/arm-none-eabi/13.3.1/thumb/v7e-m+fp/hard/crtbegin.o
 .text.init     0x08000cd0       0x14 build/debug/Core/Src/buttons.o
                0x08000cd0                init
 .text.tick     0x08000ce4       0x8a build/debug/Core/Src/buttons.o
                0x08000ce4                tick
 .text.isClicked
                0x08000d6e        0xe build/debug/Core/Src/buttons.o
                0x08000d6e                isClicked
 .text.isHold   0x08000d7c        0x4 build/debug/Core/Src/buttons.o
                0x08000d7c                isHold
 .text.dispcolor_Update
                0x08000d80        0x8 build/debug/Core/Src/dispcolor.o
                0x08000d80                dispcolor_Update
 .text.dispcolor_DrawPixel
                0x08000d88        0x8 build/debug/Core/Src/dispcolor.o
                0x08000d88                dispcolor_DrawPixel
 .text.DrawLine_Slow
                0x08000d90       0xa4 build/debug/Core/Src/dispcolor.o
 .text.dispcolor_DrawChar_General
                0x08000e34      0x134 build/debug/Core/Src/dispcolor.o
 .text.dispcolor_FillRect
                0x08000f68       0x12 build/debug/Core/Src/dispcolor.o
                0x08000f68                dispcolor_FillRect
 *fill*         0x08000f7a        0x2 
 .text.dispcolor_FillScreen
                0x08000f7c       0x28 build/debug/Core/Src/dispcolor.o
                0x08000f7c                dispcolor_FillScreen
 .text.dispcolor_ClearScreen
                0x08000fa4        0xa build/debug/Core/Src/dispcolor.o
                0x08000fa4                dispcolor_ClearScreen
 *fill*         0x08000fae        0x2 
 .text.dispcolor_Init
                0x08000fb0       0x24 build/debug/Core/Src/dispcolor.o
                0x08000fb0                dispcolor_Init
 .text.dispcolor_DrawLine
                0x08000fd4       0x72 build/debug/Core/Src/dispcolor.o
                0x08000fd4                dispcolor_DrawLine
 .text.dispcolor_FillCircle
                0x08001046       0xa8 build/debug/Core/Src/dispcolor.o
                0x08001046                dispcolor_FillCircle
 .text.dispcolor_DrawChar
                0x080010ee       0x1a build/debug/Core/Src/dispcolor.o
                0x080010ee                dispcolor_DrawChar
 .text.dispcolor_DrawChar_Bg
                0x08001108       0x1c build/debug/Core/Src/dispcolor.o
                0x08001108                dispcolor_DrawChar_Bg
 .text.dispcolor_DrawString_General
                0x08001124       0x84 build/debug/Core/Src/dispcolor.o
 .text.dispcolor_DrawString
                0x080011a8       0x1a build/debug/Core/Src/dispcolor.o
                0x080011a8                dispcolor_DrawString
 .text.initEnc  0x080011c2       0x16 build/debug/Core/Src/enc.o
                0x080011c2                initEnc
 .text.tickEnc  0x080011d8       0x32 build/debug/Core/Src/enc.o
                0x080011d8                tickEnc
 .text.isLeft   0x0800120a        0xe build/debug/Core/Src/enc.o
                0x0800120a                isLeft
 .text.isRight  0x08001218        0xe build/debug/Core/Src/enc.o
                0x08001218                isRight
 *fill*         0x08001226        0x2 
 .text.f10x16f_GetCharTable
                0x08001228       0x10 build/debug/Core/Src/f16f.o
                0x08001228                f10x16f_GetCharTable
 .text.f24f_GetCharTable
                0x08001238       0x70 build/debug/Core/Src/f24f.o
                0x08001238                f24f_GetCharTable
 .text.f32f_GetCharTable
                0x080012a8       0x70 build/debug/Core/Src/f32f.o
                0x080012a8                f32f_GetCharTable
 .text.f6x8m_GetCharTable
                0x08001318       0x10 build/debug/Core/Src/f6x8m.o
                0x08001318                f6x8m_GetCharTable
 .text.font_GetFontStruct
                0x08001328       0x14 build/debug/Core/Src/font.o
                0x08001328                font_GetFontStruct
 .text.font_GetCharWidth
                0x0800133c        0x4 build/debug/Core/Src/font.o
                0x0800133c                font_GetCharWidth
 .text.font_GetCharHeight
                0x08001340        0x4 build/debug/Core/Src/font.o
                0x08001340                font_GetCharHeight
 .text.SwapBytes
                0x08001344        0xc build/debug/Core/Src/gc9a01a.o
 .text.SendPart2
                0x08001350       0x24 build/debug/Core/Src/gc9a01a.o
                0x08001350                SendPart2
 .text.GPIO_init
                0x08001374       0x80 build/debug/Core/Src/gc9a01a.o
 .text.SendCmd  0x080013f4       0x30 build/debug/Core/Src/gc9a01a.o
                0x080013f4                SendCmd
 .text.SendData
                0x08001424       0x30 build/debug/Core/Src/gc9a01a.o
                0x08001424                SendData
 .text.ColumnSet
                0x08001454       0x3c build/debug/Core/Src/gc9a01a.o
 .text.RowSet   0x08001490       0x3c build/debug/Core/Src/gc9a01a.o
 .text.MemAccessModeSet
                0x080014cc       0x52 build/debug/Core/Src/gc9a01a.o
 .text.ColorModeSet
                0x0800151e       0x14 build/debug/Core/Src/gc9a01a.o
 *fill*         0x08001532        0x2 
 .text.GC9A01A_HardReset
                0x08001534       0x2c build/debug/Core/Src/gc9a01a.o
                0x08001534                GC9A01A_HardReset
 .text.GC9A01A_SleepMode
                0x08001560       0x1c build/debug/Core/Src/gc9a01a.o
                0x08001560                GC9A01A_SleepMode
 .text.GC9A01A_InversionMode
                0x0800157c       0x14 build/debug/Core/Src/gc9a01a.o
                0x0800157c                GC9A01A_InversionMode
 .text.GC9A01A_DisplayPower
                0x08001590       0x14 build/debug/Core/Src/gc9a01a.o
                0x08001590                GC9A01A_DisplayPower
 .text.GC9A01A_SetWindow
                0x080015a4       0x1c build/debug/Core/Src/gc9a01a.o
                0x080015a4                GC9A01A_SetWindow
 .text.GC9A01A_DrawPixel
                0x080015c0       0x40 build/debug/Core/Src/gc9a01a.o
                0x080015c0                GC9A01A_DrawPixel
 .text.GC9A01A_FillRect
                0x08001600       0x94 build/debug/Core/Src/gc9a01a.o
                0x08001600                GC9A01A_FillRect
 .text.GC9A01A_Update
                0x08001694       0x44 build/debug/Core/Src/gc9a01a.o
                0x08001694                GC9A01A_Update
 .text.GC9A01A_GetWidth
                0x080016d8        0x4 build/debug/Core/Src/gc9a01a.o
                0x080016d8                GC9A01A_GetWidth
 .text.GC9A01A_GetHeight
                0x080016dc        0x4 build/debug/Core/Src/gc9a01a.o
                0x080016dc                GC9A01A_GetHeight
 .text.GC9A01A_Init
                0x080016e0      0x4a0 build/debug/Core/Src/gc9a01a.o
                0x080016e0                GC9A01A_Init
 .text.gpio_PortClockStart
                0x08001b80       0xbc build/debug/Core/Src/gpio.o
                0x08001b80                gpio_PortClockStart
 .text.gpio_SetGPIOmode_In
                0x08001c3c       0x3e build/debug/Core/Src/gpio.o
                0x08001c3c                gpio_SetGPIOmode_In
 .text.gpio_SetGPIOmode_Out
                0x08001c7a       0x22 build/debug/Core/Src/gpio.o
                0x08001c7a                gpio_SetGPIOmode_Out
 .text.GetBlueRedPalette
                0x08001c9c      0x104 build/debug/Core/Src/info_disp.o
 .text.Draw_BMP
                0x08001da0       0x58 build/debug/Core/Src/info_disp.o
                0x08001da0                Draw_BMP
 .text.Dispaly_Data
                0x08001df8      0x2d4 build/debug/Core/Src/info_disp.o
                0x08001df8                Dispaly_Data
 .text.Display_Init
                0x080020cc       0x84 build/debug/Core/Src/info_disp.o
                0x080020cc                Display_Init
 .text.SIM_Init
                0x08002150       0x50 build/debug/Core/Src/info_disp.o
                0x08002150                SIM_Init
 .text.MX_GPIO_Init
                0x080021a0      0x174 build/debug/Core/Src/main.o
 .text.MX_DMA_Init
                0x08002314       0x78 build/debug/Core/Src/main.o
 .text.MX_SPI1_Init
                0x0800238c       0x3c build/debug/Core/Src/main.o
 .text.MX_USB_OTG_FS_PCD_Init
                0x080023c8       0x30 build/debug/Core/Src/main.o
 .text.MX_UART5_Init
                0x080023f8       0x2c build/debug/Core/Src/main.o
 .text.MX_UART8_Init
                0x08002424       0x2c build/debug/Core/Src/main.o
 .text.SystemClock_Config
                0x08002450       0x98 build/debug/Core/Src/main.o
                0x08002450                SystemClock_Config
 .text.main     0x080024e8      0x3d8 build/debug/Core/Src/main.o
                0x080024e8                main
 .text.HAL_UART_RxCpltCallback
                0x080028c0       0xc4 build/debug/Core/Src/main.o
                0x080028c0                HAL_UART_RxCpltCallback
 .text.Error_Handler
                0x08002984        0x2 build/debug/Core/Src/main.o
                0x08002984                Error_Handler
 *fill*         0x08002986        0x2 
 .text.HAL_SPI_TxCpltCallback
                0x08002988       0x20 build/debug/Core/Src/spim.o
                0x08002988                HAL_SPI_TxCpltCallback
 .text.spi_init
                0x080029a8       0x1c build/debug/Core/Src/spim.o
                0x080029a8                spi_init
 .text.spim_init
                0x080029c4      0x12c build/debug/Core/Src/spim.o
                0x080029c4                spim_init
 .text.SPI_send
                0x08002af0       0x28 build/debug/Core/Src/spim.o
                0x08002af0                SPI_send
 .text.SPI_send_dma
                0x08002b18       0x28 build/debug/Core/Src/spim.o
                0x08002b18                SPI_send_dma
 .text.HAL_MspInit
                0x08002b40       0x38 build/debug/Core/Src/stm32f4xx_hal_msp.o
                0x08002b40                HAL_MspInit
 .text.HAL_SPI_MspInit
                0x08002b78       0xac build/debug/Core/Src/stm32f4xx_hal_msp.o
                0x08002b78                HAL_SPI_MspInit
 .text.HAL_UART_MspInit
                0x08002c24      0x19c build/debug/Core/Src/stm32f4xx_hal_msp.o
                0x08002c24                HAL_UART_MspInit
 .text.HAL_PCD_MspInit
                0x08002dc0       0xa8 build/debug/Core/Src/stm32f4xx_hal_msp.o
                0x08002dc0                HAL_PCD_MspInit
 .text.NMI_Handler
                0x08002e68        0x2 build/debug/Core/Src/stm32f4xx_it.o
                0x08002e68                NMI_Handler
 .text.HardFault_Handler
                0x08002e6a        0x2 build/debug/Core/Src/stm32f4xx_it.o
                0x08002e6a                HardFault_Handler
 .text.MemManage_Handler
                0x08002e6c        0x2 build/debug/Core/Src/stm32f4xx_it.o
                0x08002e6c                MemManage_Handler
 .text.BusFault_Handler
                0x08002e6e        0x2 build/debug/Core/Src/stm32f4xx_it.o
                0x08002e6e                BusFault_Handler
 .text.UsageFault_Handler
                0x08002e70        0x2 build/debug/Core/Src/stm32f4xx_it.o
                0x08002e70                UsageFault_Handler
 .text.SVC_Handler
                0x08002e72        0x2 build/debug/Core/Src/stm32f4xx_it.o
                0x08002e72                SVC_Handler
 .text.DebugMon_Handler
                0x08002e74        0x2 build/debug/Core/Src/stm32f4xx_it.o
                0x08002e74                DebugMon_Handler
 .text.PendSV_Handler
                0x08002e76        0x2 build/debug/Core/Src/stm32f4xx_it.o
                0x08002e76                PendSV_Handler
 .text.SysTick_Handler
                0x08002e78        0x8 build/debug/Core/Src/stm32f4xx_it.o
                0x08002e78                SysTick_Handler
 .text.DMA1_Stream0_IRQHandler
                0x08002e80       0x10 build/debug/Core/Src/stm32f4xx_it.o
                0x08002e80                DMA1_Stream0_IRQHandler
 .text.DMA1_Stream6_IRQHandler
                0x08002e90       0x10 build/debug/Core/Src/stm32f4xx_it.o
                0x08002e90                DMA1_Stream6_IRQHandler
 .text.DMA1_Stream7_IRQHandler
                0x08002ea0       0x10 build/debug/Core/Src/stm32f4xx_it.o
                0x08002ea0                DMA1_Stream7_IRQHandler
 .text.UART5_IRQHandler
                0x08002eb0       0x10 build/debug/Core/Src/stm32f4xx_it.o
                0x08002eb0                UART5_IRQHandler
 .text.DMA2_Stream2_IRQHandler
                0x08002ec0       0x10 build/debug/Core/Src/stm32f4xx_it.o
                0x08002ec0                DMA2_Stream2_IRQHandler
 .text.UART8_IRQHandler
                0x08002ed0       0x10 build/debug/Core/Src/stm32f4xx_it.o
                0x08002ed0                UART8_IRQHandler
 .text._getpid  0x08002ee0        0x4 build/debug/Core/Src/syscalls.o
                0x08002ee0                _getpid
 .text._kill    0x08002ee4       0x10 build/debug/Core/Src/syscalls.o
                0x08002ee4                _kill
 .text._exit    0x08002ef4        0xc build/debug/Core/Src/syscalls.o
                0x08002ef4                _exit
 .text._read    0x08002f00       0x20 build/debug/Core/Src/syscalls.o
                0x08002f00                _read
 .text._write   0x08002f20       0x1c build/debug/Core/Src/syscalls.o
                0x08002f20                _write
 .text._close   0x08002f3c        0x6 build/debug/Core/Src/syscalls.o
                0x08002f3c                _close
 .text._fstat   0x08002f42        0xa build/debug/Core/Src/syscalls.o
                0x08002f42                _fstat
 .text._isatty  0x08002f4c        0x4 build/debug/Core/Src/syscalls.o
                0x08002f4c                _isatty
 .text._lseek   0x08002f50        0x4 build/debug/Core/Src/syscalls.o
                0x08002f50                _lseek
 .text._sbrk    0x08002f54       0x48 build/debug/Core/Src/sysmem.o
                0x08002f54                _sbrk
 .text.SystemInit
                0x08002f9c       0x1c build/debug/Core/Src/system_stm32f4xx.o
                0x08002f9c                SystemInit
 .text.HAL_InitTick
                0x08002fb8       0x4c build/debug/Drivers/STM32F4xx_HAL_Driver/Src/stm32f4xx_hal.o
                0x08002fb8                HAL_InitTick
 .text.HAL_Init
                0x08003004       0x34 build/debug/Drivers/STM32F4xx_HAL_Driver/Src/stm32f4xx_hal.o
                0x08003004                HAL_Init
 .text.HAL_IncTick
                0x08003038       0x18 build/debug/Drivers/STM32F4xx_HAL_Driver/Src/stm32f4xx_hal.o
                0x08003038                HAL_IncTick
 .text.HAL_GetTick
                0x08003050        0xc build/debug/Drivers/STM32F4xx_HAL_Driver/Src/stm32f4xx_hal.o
                0x08003050                HAL_GetTick
 .text.HAL_Delay
                0x0800305c       0x28 build/debug/Drivers/STM32F4xx_HAL_Driver/Src/stm32f4xx_hal.o
                0x0800305c                HAL_Delay
 .text.HAL_GetDEVID
                0x08003084       0x10 build/debug/Drivers/STM32F4xx_HAL_Driver/Src/stm32f4xx_hal.o
                0x08003084                HAL_GetDEVID
 .text.__NVIC_EnableIRQ
                0x08003094       0x1c build/debug/Drivers/STM32F4xx_HAL_Driver/Src/stm32f4xx_hal_cortex.o
 .text.__NVIC_SetPriority
                0x080030b0       0x28 build/debug/Drivers/STM32F4xx_HAL_Driver/Src/stm32f4xx_hal_cortex.o
 .text.NVIC_EncodePriority
                0x080030d8       0x3e build/debug/Drivers/STM32F4xx_HAL_Driver/Src/stm32f4xx_hal_cortex.o
 *fill*         0x08003116        0x2 
 .text.HAL_NVIC_SetPriorityGrouping
                0x08003118       0x24 build/debug/Drivers/STM32F4xx_HAL_Driver/Src/stm32f4xx_hal_cortex.o
                0x08003118                HAL_NVIC_SetPriorityGrouping
 .text.HAL_NVIC_SetPriority
                0x0800313c       0x20 build/debug/Drivers/STM32F4xx_HAL_Driver/Src/stm32f4xx_hal_cortex.o
                0x0800313c                HAL_NVIC_SetPriority
 .text.HAL_NVIC_EnableIRQ
                0x0800315c        0x8 build/debug/Drivers/STM32F4xx_HAL_Driver/Src/stm32f4xx_hal_cortex.o
                0x0800315c                HAL_NVIC_EnableIRQ
 .text.HAL_SYSTICK_Config
                0x08003164       0x28 build/debug/Drivers/STM32F4xx_HAL_Driver/Src/stm32f4xx_hal_cortex.o
                0x08003164                HAL_SYSTICK_Config
 .text.DMA_SetConfig
                0x0800318c       0x2c build/debug/Drivers/STM32F4xx_HAL_Driver/Src/stm32f4xx_hal_dma.o
 .text.DMA_CalcBaseAndBitshift
                0x080031b8       0x3c build/debug/Drivers/STM32F4xx_HAL_Driver/Src/stm32f4xx_hal_dma.o
 .text.DMA_CheckFifoParam
                0x080031f4       0x8e build/debug/Drivers/STM32F4xx_HAL_Driver/Src/stm32f4xx_hal_dma.o
 *fill*         0x08003282        0x2 
 .text.HAL_DMA_Init
                0x08003284       0xcc build/debug/Drivers/STM32F4xx_HAL_Driver/Src/stm32f4xx_hal_dma.o
                0x08003284                HAL_DMA_Init
 .text.HAL_DMA_Start_IT
                0x08003350       0x6a build/debug/Drivers/STM32F4xx_HAL_Driver/Src/stm32f4xx_hal_dma.o
                0x08003350                HAL_DMA_Start_IT
 .text.HAL_DMA_Abort
                0x080033ba       0x94 build/debug/Drivers/STM32F4xx_HAL_Driver/Src/stm32f4xx_hal_dma.o
                0x080033ba                HAL_DMA_Abort
 .text.HAL_DMA_Abort_IT
                0x0800344e       0x26 build/debug/Drivers/STM32F4xx_HAL_Driver/Src/stm32f4xx_hal_dma.o
                0x0800344e                HAL_DMA_Abort_IT
 .text.HAL_DMA_IRQHandler
                0x08003474      0x1dc build/debug/Drivers/STM32F4xx_HAL_Driver/Src/stm32f4xx_hal_dma.o
                0x08003474                HAL_DMA_IRQHandler
 .text.HAL_GPIO_Init
                0x08003650      0x1e0 build/debug/Drivers/STM32F4xx_HAL_Driver/Src/stm32f4xx_hal_gpio.o
                0x08003650                HAL_GPIO_Init
 .text.HAL_GPIO_ReadPin
                0x08003830        0xe build/debug/Drivers/STM32F4xx_HAL_Driver/Src/stm32f4xx_hal_gpio.o
                0x08003830                HAL_GPIO_ReadPin
 .text.HAL_GPIO_WritePin
                0x0800383e        0xc build/debug/Drivers/STM32F4xx_HAL_Driver/Src/stm32f4xx_hal_gpio.o
                0x0800383e                HAL_GPIO_WritePin
 .text.HAL_GPIO_TogglePin
                0x0800384a       0x12 build/debug/Drivers/STM32F4xx_HAL_Driver/Src/stm32f4xx_hal_gpio.o
                0x0800384a                HAL_GPIO_TogglePin
 .text.HAL_PCD_Init
                0x0800385c      0x112 build/debug/Drivers/STM32F4xx_HAL_Driver/Src/stm32f4xx_hal_pcd.o
                0x0800385c                HAL_PCD_Init
 .text.HAL_PCDEx_ActivateLPM
                0x0800396e       0x26 build/debug/Drivers/STM32F4xx_HAL_Driver/Src/stm32f4xx_hal_pcd_ex.o
                0x0800396e                HAL_PCDEx_ActivateLPM
 .text.HAL_RCC_GetSysClockFreq
                0x08003994       0xdc build/debug/Drivers/STM32F4xx_HAL_Driver/Src/stm32f4xx_hal_rcc.o
                0x08003994                HAL_RCC_GetSysClockFreq
 .text.HAL_RCC_ClockConfig
                0x08003a70      0x160 build/debug/Drivers/STM32F4xx_HAL_Driver/Src/stm32f4xx_hal_rcc.o
                0x08003a70                HAL_RCC_ClockConfig
 .text.HAL_RCC_GetHCLKFreq
                0x08003bd0        0xc build/debug/Drivers/STM32F4xx_HAL_Driver/Src/stm32f4xx_hal_rcc.o
                0x08003bd0                HAL_RCC_GetHCLKFreq
 .text.HAL_RCC_GetPCLK1Freq
                0x08003bdc       0x20 build/debug/Drivers/STM32F4xx_HAL_Driver/Src/stm32f4xx_hal_rcc.o
                0x08003bdc                HAL_RCC_GetPCLK1Freq
 .text.HAL_RCC_GetPCLK2Freq
                0x08003bfc       0x20 build/debug/Drivers/STM32F4xx_HAL_Driver/Src/stm32f4xx_hal_rcc.o
                0x08003bfc                HAL_RCC_GetPCLK2Freq
 .text.HAL_RCCEx_PeriphCLKConfig
                0x08003c1c      0x3dc build/debug/Drivers/STM32F4xx_HAL_Driver/Src/stm32f4xx_hal_rcc_ex.o
                0x08003c1c                HAL_RCCEx_PeriphCLKConfig
 .text.HAL_RCC_OscConfig
                0x08003ff8      0x410 build/debug/Drivers/STM32F4xx_HAL_Driver/Src/stm32f4xx_hal_rcc_ex.o
                0x08003ff8                HAL_RCC_OscConfig
 .text.SPI_WaitFlagStateUntilTimeout
                0x08004408       0xc8 build/debug/Drivers/STM32F4xx_HAL_Driver/Src/stm32f4xx_hal_spi.o
 .text.SPI_EndRxTxTransaction
                0x080044d0       0x80 build/debug/Drivers/STM32F4xx_HAL_Driver/Src/stm32f4xx_hal_spi.o
 .text.HAL_SPI_Init
                0x08004550       0xbe build/debug/Drivers/STM32F4xx_HAL_Driver/Src/stm32f4xx_hal_spi.o
                0x08004550                HAL_SPI_Init
 .text.HAL_SPI_Transmit
                0x0800460e      0x1b8 build/debug/Drivers/STM32F4xx_HAL_Driver/Src/stm32f4xx_hal_spi.o
                0x0800460e                HAL_SPI_Transmit
 *fill*         0x080047c6        0x2 
 .text.HAL_SPI_Transmit_DMA
                0x080047c8       0xd8 build/debug/Drivers/STM32F4xx_HAL_Driver/Src/stm32f4xx_hal_spi.o
                0x080047c8                HAL_SPI_Transmit_DMA
 .text.HAL_SPI_TxHalfCpltCallback
                0x080048a0        0x2 build/debug/Drivers/STM32F4xx_HAL_Driver/Src/stm32f4xx_hal_spi.o
                0x080048a0                HAL_SPI_TxHalfCpltCallback
 .text.SPI_DMAHalfTransmitCplt
                0x080048a2        0xa build/debug/Drivers/STM32F4xx_HAL_Driver/Src/stm32f4xx_hal_spi.o
 .text.HAL_SPI_ErrorCallback
                0x080048ac        0x2 build/debug/Drivers/STM32F4xx_HAL_Driver/Src/stm32f4xx_hal_spi.o
                0x080048ac                HAL_SPI_ErrorCallback
 .text.SPI_DMAError
                0x080048ae       0x22 build/debug/Drivers/STM32F4xx_HAL_Driver/Src/stm32f4xx_hal_spi.o
 .text.SPI_DMATransmitCplt
                0x080048d0       0x70 build/debug/Drivers/STM32F4xx_HAL_Driver/Src/stm32f4xx_hal_spi.o
 .text.UART_EndTxTransfer
                0x08004940       0x20 build/debug/Drivers/STM32F4xx_HAL_Driver/Src/stm32f4xx_hal_uart.o
 .text.UART_EndRxTransfer
                0x08004960       0x5c build/debug/Drivers/STM32F4xx_HAL_Driver/Src/stm32f4xx_hal_uart.o
 .text.UART_Transmit_IT
                0x080049bc       0x60 build/debug/Drivers/STM32F4xx_HAL_Driver/Src/stm32f4xx_hal_uart.o
 .text.UART_SetConfig
                0x08004a1c      0x120 build/debug/Drivers/STM32F4xx_HAL_Driver/Src/stm32f4xx_hal_uart.o
 .text.HAL_UART_Init
                0x08004b3c       0x60 build/debug/Drivers/STM32F4xx_HAL_Driver/Src/stm32f4xx_hal_uart.o
                0x08004b3c                HAL_UART_Init
 .text.HAL_UART_Transmit_IT
                0x08004b9c       0x38 build/debug/Drivers/STM32F4xx_HAL_Driver/Src/stm32f4xx_hal_uart.o
                0x08004b9c                HAL_UART_Transmit_IT
 .text.HAL_UART_Transmit_DMA
                0x08004bd4       0x84 build/debug/Drivers/STM32F4xx_HAL_Driver/Src/stm32f4xx_hal_uart.o
                0x08004bd4                HAL_UART_Transmit_DMA
 .text.HAL_UART_TxCpltCallback
                0x08004c58        0x2 build/debug/Drivers/STM32F4xx_HAL_Driver/Src/stm32f4xx_hal_uart.o
                0x08004c58                HAL_UART_TxCpltCallback
 .text.UART_DMATransmitCplt
                0x08004c5a       0x4c build/debug/Drivers/STM32F4xx_HAL_Driver/Src/stm32f4xx_hal_uart.o
 .text.UART_EndTransmit_IT
                0x08004ca6       0x1a build/debug/Drivers/STM32F4xx_HAL_Driver/Src/stm32f4xx_hal_uart.o
 .text.HAL_UART_TxHalfCpltCallback
                0x08004cc0        0x2 build/debug/Drivers/STM32F4xx_HAL_Driver/Src/stm32f4xx_hal_uart.o
                0x08004cc0                HAL_UART_TxHalfCpltCallback
 .text.UART_DMATxHalfCplt
                0x08004cc2        0xa build/debug/Drivers/STM32F4xx_HAL_Driver/Src/stm32f4xx_hal_uart.o
 .text.HAL_UART_RxHalfCpltCallback
                0x08004ccc        0x2 build/debug/Drivers/STM32F4xx_HAL_Driver/Src/stm32f4xx_hal_uart.o
                0x08004ccc                HAL_UART_RxHalfCpltCallback
 .text.HAL_UART_ErrorCallback
                0x08004cce        0x2 build/debug/Drivers/STM32F4xx_HAL_Driver/Src/stm32f4xx_hal_uart.o
                0x08004cce                HAL_UART_ErrorCallback
 .text.UART_DMAError
                0x08004cd0       0x58 build/debug/Drivers/STM32F4xx_HAL_Driver/Src/stm32f4xx_hal_uart.o
 .text.UART_DMAAbortOnError
                0x08004d28       0x10 build/debug/Drivers/STM32F4xx_HAL_Driver/Src/stm32f4xx_hal_uart.o
 .text.HAL_UARTEx_RxEventCallback
                0x08004d38        0x2 build/debug/Drivers/STM32F4xx_HAL_Driver/Src/stm32f4xx_hal_uart.o
                0x08004d38                HAL_UARTEx_RxEventCallback
 .text.UART_Receive_IT
                0x08004d3a       0xe6 build/debug/Drivers/STM32F4xx_HAL_Driver/Src/stm32f4xx_hal_uart.o
 .text.HAL_UART_IRQHandler
                0x08004e20      0x284 build/debug/Drivers/STM32F4xx_HAL_Driver/Src/stm32f4xx_hal_uart.o
                0x08004e20                HAL_UART_IRQHandler
 .text.UART_DMARxHalfCplt
                0x080050a4       0x1e build/debug/Drivers/STM32F4xx_HAL_Driver/Src/stm32f4xx_hal_uart.o
 .text.UART_DMAReceiveCplt
                0x080050c2       0x9a build/debug/Drivers/STM32F4xx_HAL_Driver/Src/stm32f4xx_hal_uart.o
 .text.UART_Start_Receive_DMA
                0x0800515c       0xa4 build/debug/Drivers/STM32F4xx_HAL_Driver/Src/stm32f4xx_hal_uart.o
                0x0800515c                UART_Start_Receive_DMA
 .text.HAL_UART_Receive_DMA
                0x08005200       0x26 build/debug/Drivers/STM32F4xx_HAL_Driver/Src/stm32f4xx_hal_uart.o
                0x08005200                HAL_UART_Receive_DMA
 .text.USB_CoreReset
                0x08005226       0x4a build/debug/Drivers/STM32F4xx_HAL_Driver/Src/stm32f4xx_ll_usb.o
 .text.USB_CoreInit
                0x08005270       0x92 build/debug/Drivers/STM32F4xx_HAL_Driver/Src/stm32f4xx_ll_usb.o
                0x08005270                USB_CoreInit
 .text.USB_DisableGlobalInt
                0x08005302        0xc build/debug/Drivers/STM32F4xx_HAL_Driver/Src/stm32f4xx_ll_usb.o
                0x08005302                USB_DisableGlobalInt
 .text.USB_FlushTxFifo
                0x0800530e       0x4a build/debug/Drivers/STM32F4xx_HAL_Driver/Src/stm32f4xx_ll_usb.o
                0x0800530e                USB_FlushTxFifo
 .text.USB_FlushRxFifo
                0x08005358       0x46 build/debug/Drivers/STM32F4xx_HAL_Driver/Src/stm32f4xx_ll_usb.o
                0x08005358                USB_FlushRxFifo
 .text.USB_SetDevSpeed
                0x0800539e        0xe build/debug/Drivers/STM32F4xx_HAL_Driver/Src/stm32f4xx_ll_usb.o
                0x0800539e                USB_SetDevSpeed
 .text.USB_DevInit
                0x080053ac      0x18c build/debug/Drivers/STM32F4xx_HAL_Driver/Src/stm32f4xx_ll_usb.o
                0x080053ac                USB_DevInit
 .text.USB_DevDisconnect
                0x08005538       0x1c build/debug/Drivers/STM32F4xx_HAL_Driver/Src/stm32f4xx_ll_usb.o
                0x08005538                USB_DevDisconnect
 .text.USB_GetMode
                0x08005554        0x8 build/debug/Drivers/STM32F4xx_HAL_Driver/Src/stm32f4xx_ll_usb.o
                0x08005554                USB_GetMode
 .text.USB_SetCurrentMode
                0x0800555c       0x62 build/debug/Drivers/STM32F4xx_HAL_Driver/Src/stm32f4xx_ll_usb.o
                0x0800555c                USB_SetCurrentMode
 *fill*         0x080055be        0x2 
 .text.Reset_Handler
                0x080055c0       0x50 build/debug/startup_stm32f413xx.o
                0x080055c0                Reset_Handler
 .text.Default_Handler
                0x08005610        0x2 build/debug/startup_stm32f413xx.o
                0x08005610                RTC_Alarm_IRQHandler
                0x08005610                EXTI2_IRQHandler
                0x08005610                TIM8_CC_IRQHandler
                0x08005610                FMPI2C1_EV_IRQHandler
                0x08005610                SPI4_IRQHandler
                0x08005610                TIM1_CC_IRQHandler
                0x08005610                DMA2_Stream5_IRQHandler
                0x08005610                DMA1_Stream5_IRQHandler
                0x08005610                CAN3_RX1_IRQHandler
                0x08005610                PVD_IRQHandler
                0x08005610                SDIO_IRQHandler
                0x08005610                TAMP_STAMP_IRQHandler
                0x08005610                CAN2_RX1_IRQHandler
                0x08005610                EXTI3_IRQHandler
                0x08005610                TIM8_TRG_COM_TIM14_IRQHandler
                0x08005610                DFSDM1_FLT1_IRQHandler
                0x08005610                TIM1_UP_TIM10_IRQHandler
                0x08005610                TIM8_UP_TIM13_IRQHandler
                0x08005610                I2C3_ER_IRQHandler
                0x08005610                EXTI0_IRQHandler
                0x08005610                I2C2_EV_IRQHandler
                0x08005610                DMA1_Stream2_IRQHandler
                0x08005610                CAN1_RX0_IRQHandler
                0x08005610                FPU_IRQHandler
                0x08005610                CAN3_SCE_IRQHandler
                0x08005610                CAN2_SCE_IRQHandler
                0x08005610                SPI1_IRQHandler
                0x08005610                TIM6_DAC_IRQHandler
                0x08005610                TIM1_BRK_TIM9_IRQHandler
                0x08005610                CAN2_RX0_IRQHandler
                0x08005610                DMA2_Stream3_IRQHandler
                0x08005610                USART6_IRQHandler
                0x08005610                CAN3_RX0_IRQHandler
                0x08005610                USART3_IRQHandler
                0x08005610                DFSDM2_FLT3_IRQHandler
                0x08005610                CAN1_RX1_IRQHandler
                0x08005610                DMA2_Stream0_IRQHandler
                0x08005610                TIM4_IRQHandler
                0x08005610                QUADSPI_IRQHandler
                0x08005610                I2C1_EV_IRQHandler
                0x08005610                DMA1_Stream1_IRQHandler
                0x08005610                UART4_IRQHandler
                0x08005610                TIM3_IRQHandler
                0x08005610                RCC_IRQHandler
                0x08005610                UART9_IRQHandler
                0x08005610                TIM8_BRK_TIM12_IRQHandler
                0x08005610                Default_Handler
                0x08005610                EXTI15_10_IRQHandler
                0x08005610                ADC_IRQHandler
                0x08005610                DFSDM2_FLT0_IRQHandler
                0x08005610                SPI5_IRQHandler
                0x08005610                TIM7_IRQHandler
                0x08005610                CAN2_TX_IRQHandler
                0x08005610                TIM5_IRQHandler
                0x08005610                DMA2_Stream7_IRQHandler
                0x08005610                I2C3_EV_IRQHandler
                0x08005610                DFSDM2_FLT2_IRQHandler
                0x08005610                EXTI9_5_IRQHandler
                0x08005610                RTC_WKUP_IRQHandler
                0x08005610                SPI2_IRQHandler
                0x08005610                CAN1_TX_IRQHandler
                0x08005610                FMPI2C1_ER_IRQHandler
                0x08005610                EXTI4_IRQHandler
                0x08005610                DFSDM2_FLT1_IRQHandler
                0x08005610                RNG_IRQHandler
                0x08005610                FSMC_IRQHandler
                0x08005610                WWDG_IRQHandler
                0x08005610                CAN3_TX_IRQHandler
                0x08005610                TIM2_IRQHandler
                0x08005610                OTG_FS_WKUP_IRQHandler
                0x08005610                TIM1_TRG_COM_TIM11_IRQHandler
                0x08005610                EXTI1_IRQHandler
                0x08005610                UART7_IRQHandler
                0x08005610                USART2_IRQHandler
                0x08005610                DFSDM1_FLT0_IRQHandler
                0x08005610                I2C2_ER_IRQHandler
                0x08005610                DMA2_Stream1_IRQHandler
                0x08005610                CAN1_SCE_IRQHandler
                0x08005610                FLASH_IRQHandler
                0x08005610                DMA2_Stream4_IRQHandler
                0x08005610                USART1_IRQHandler
                0x08005610                OTG_FS_IRQHandler
                0x08005610                SPI3_IRQHandler
                0x08005610                DMA1_Stream4_IRQHandler
                0x08005610                I2C1_ER_IRQHandler
                0x08005610                LPTIM1_IRQHandler
                0x08005610                DMA2_Stream6_IRQHandler
                0x08005610                UART10_IRQHandler
                0x08005610                SAI1_IRQHandler
                0x08005610                DMA1_Stream3_IRQHandler
 .text.atof     0x08005612        0x6 c:/Users/kroko/AppData/Roaming/Code/User/globalStorage/bmd.stm32-for-vscode/@xpack-dev-tools/arm-none-eabi-gcc/13.3.1-1.1.1/.content/bin/../lib/gcc/arm-none-eabi/13.3.1/../../../../arm-none-eabi/lib/thumb/v7e-m+fp/hard\libc_nano.a(libc_a-atof.o)
                0x08005612                atof
 .text.sulp     0x08005618       0x3c c:/Users/kroko/AppData/Roaming/Code/User/globalStorage/bmd.stm32-for-vscode/@xpack-dev-tools/arm-none-eabi-gcc/13.3.1-1.1.1/.content/bin/../lib/gcc/arm-none-eabi/13.3.1/../../../../arm-none-eabi/lib/thumb/v7e-m+fp/hard\libc_nano.a(libc_a-strtod.o)
 *fill*         0x08005654        0x4 
 .text._strtod_l
                0x08005658      0xbc8 c:/Users/kroko/AppData/Roaming/Code/User/globalStorage/bmd.stm32-for-vscode/@xpack-dev-tools/arm-none-eabi-gcc/13.3.1-1.1.1/.content/bin/../lib/gcc/arm-none-eabi/13.3.1/../../../../arm-none-eabi/lib/thumb/v7e-m+fp/hard\libc_nano.a(libc_a-strtod.o)
                0x08005658                _strtod_l
 .text.strtod   0x08006220       0x18 c:/Users/kroko/AppData/Roaming/Code/User/globalStorage/bmd.stm32-for-vscode/@xpack-dev-tools/arm-none-eabi-gcc/13.3.1-1.1.1/.content/bin/../lib/gcc/arm-none-eabi/13.3.1/../../../../arm-none-eabi/lib/thumb/v7e-m+fp/hard\libc_nano.a(libc_a-strtod.o)
                0x08006220                strtod
 .text.gcvt     0x08006238       0x58 c:/Users/kroko/AppData/Roaming/Code/User/globalStorage/bmd.stm32-for-vscode/@xpack-dev-tools/arm-none-eabi-gcc/13.3.1-1.1.1/.content/bin/../lib/gcc/arm-none-eabi/13.3.1/../../../../arm-none-eabi/lib/thumb/v7e-m+fp/hard\libc_nano.a(libc_a-efgcvt.o)
                0x08006238                gcvt
 .text.std      0x08006290       0x6c c:/Users/kroko/AppData/Roaming/Code/User/globalStorage/bmd.stm32-for-vscode/@xpack-dev-tools/arm-none-eabi-gcc/13.3.1-1.1.1/.content/bin/../lib/gcc/arm-none-eabi/13.3.1/../../../../arm-none-eabi/lib/thumb/v7e-m+fp/hard\libc_nano.a(libc_a-findfp.o)
 .text.stdio_exit_handler
                0x080062fc       0x18 c:/Users/kroko/AppData/Roaming/Code/User/globalStorage/bmd.stm32-for-vscode/@xpack-dev-tools/arm-none-eabi-gcc/13.3.1-1.1.1/.content/bin/../lib/gcc/arm-none-eabi/13.3.1/../../../../arm-none-eabi/lib/thumb/v7e-m+fp/hard\libc_nano.a(libc_a-findfp.o)
 .text.cleanup_stdio
                0x08006314       0x40 c:/Users/kroko/AppData/Roaming/Code/User/globalStorage/bmd.stm32-for-vscode/@xpack-dev-tools/arm-none-eabi-gcc/13.3.1-1.1.1/.content/bin/../lib/gcc/arm-none-eabi/13.3.1/../../../../arm-none-eabi/lib/thumb/v7e-m+fp/hard\libc_nano.a(libc_a-findfp.o)
 .text.global_stdio_init.part.0
                0x08006354       0x3c c:/Users/kroko/AppData/Roaming/Code/User/globalStorage/bmd.stm32-for-vscode/@xpack-dev-tools/arm-none-eabi-gcc/13.3.1-1.1.1/.content/bin/../lib/gcc/arm-none-eabi/13.3.1/../../../../arm-none-eabi/lib/thumb/v7e-m+fp/hard\libc_nano.a(libc_a-findfp.o)
 .text.__sfp_lock_acquire
                0x08006390        0xc c:/Users/kroko/AppData/Roaming/Code/User/globalStorage/bmd.stm32-for-vscode/@xpack-dev-tools/arm-none-eabi-gcc/13.3.1-1.1.1/.content/bin/../lib/gcc/arm-none-eabi/13.3.1/../../../../arm-none-eabi/lib/thumb/v7e-m+fp/hard\libc_nano.a(libc_a-findfp.o)
                0x08006390                __sfp_lock_acquire
 .text.__sfp_lock_release
                0x0800639c        0xc c:/Users/kroko/AppData/Roaming/Code/User/globalStorage/bmd.stm32-for-vscode/@xpack-dev-tools/arm-none-eabi-gcc/13.3.1-1.1.1/.content/bin/../lib/gcc/arm-none-eabi/13.3.1/../../../../arm-none-eabi/lib/thumb/v7e-m+fp/hard\libc_nano.a(libc_a-findfp.o)
                0x0800639c                __sfp_lock_release
 .text.__sinit  0x080063a8       0x30 c:/Users/kroko/AppData/Roaming/Code/User/globalStorage/bmd.stm32-for-vscode/@xpack-dev-tools/arm-none-eabi-gcc/13.3.1-1.1.1/.content/bin/../lib/gcc/arm-none-eabi/13.3.1/../../../../arm-none-eabi/lib/thumb/v7e-m+fp/hard\libc_nano.a(libc_a-findfp.o)
                0x080063a8                __sinit
 .text._fwalk_sglue
                0x080063d8       0x3c c:/Users/kroko/AppData/Roaming/Code/User/globalStorage/bmd.stm32-for-vscode/@xpack-dev-tools/arm-none-eabi-gcc/13.3.1-1.1.1/.content/bin/../lib/gcc/arm-none-eabi/13.3.1/../../../../arm-none-eabi/lib/thumb/v7e-m+fp/hard\libc_nano.a(libc_a-fwalk.o)
                0x080063d8                _fwalk_sglue
 .text.sprintf  0x08006414       0x44 c:/Users/kroko/AppData/Roaming/Code/User/globalStorage/bmd.stm32-for-vscode/@xpack-dev-tools/arm-none-eabi-gcc/13.3.1-1.1.1/.content/bin/../lib/gcc/arm-none-eabi/13.3.1/../../../../arm-none-eabi/lib/thumb/v7e-m+fp/hard\libc_nano.a(libc_a-sprintf.o)
                0x08006414                siprintf
                0x08006414                sprintf
 .text.__sread  0x08006458       0x22 c:/Users/kroko/AppData/Roaming/Code/User/globalStorage/bmd.stm32-for-vscode/@xpack-dev-tools/arm-none-eabi-gcc/13.3.1-1.1.1/.content/bin/../lib/gcc/arm-none-eabi/13.3.1/../../../../arm-none-eabi/lib/thumb/v7e-m+fp/hard\libc_nano.a(libc_a-stdio.o)
                0x08006458                __sread
 .text.__swrite
                0x0800647a       0x38 c:/Users/kroko/AppData/Roaming/Code/User/globalStorage/bmd.stm32-for-vscode/@xpack-dev-tools/arm-none-eabi-gcc/13.3.1-1.1.1/.content/bin/../lib/gcc/arm-none-eabi/13.3.1/../../../../arm-none-eabi/lib/thumb/v7e-m+fp/hard\libc_nano.a(libc_a-stdio.o)
                0x0800647a                __swrite
 .text.__sseek  0x080064b2       0x24 c:/Users/kroko/AppData/Roaming/Code/User/globalStorage/bmd.stm32-for-vscode/@xpack-dev-tools/arm-none-eabi-gcc/13.3.1-1.1.1/.content/bin/../lib/gcc/arm-none-eabi/13.3.1/../../../../arm-none-eabi/lib/thumb/v7e-m+fp/hard\libc_nano.a(libc_a-stdio.o)
                0x080064b2                __sseek
 .text.__sclose
                0x080064d6        0x8 c:/Users/kroko/AppData/Roaming/Code/User/globalStorage/bmd.stm32-for-vscode/@xpack-dev-tools/arm-none-eabi-gcc/13.3.1-1.1.1/.content/bin/../lib/gcc/arm-none-eabi/13.3.1/../../../../arm-none-eabi/lib/thumb/v7e-m+fp/hard\libc_nano.a(libc_a-stdio.o)
                0x080064d6                __sclose
 .text.memset   0x080064de       0x10 c:/Users/kroko/AppData/Roaming/Code/User/globalStorage/bmd.stm32-for-vscode/@xpack-dev-tools/arm-none-eabi-gcc/13.3.1-1.1.1/.content/bin/../lib/gcc/arm-none-eabi/13.3.1/../../../../arm-none-eabi/lib/thumb/v7e-m+fp/hard\libc_nano.a(libc_a-memset.o)
                0x080064de                memset
 .text.strncmp  0x080064ee       0x24 c:/Users/kroko/AppData/Roaming/Code/User/globalStorage/bmd.stm32-for-vscode/@xpack-dev-tools/arm-none-eabi-gcc/13.3.1-1.1.1/.content/bin/../lib/gcc/arm-none-eabi/13.3.1/../../../../arm-none-eabi/lib/thumb/v7e-m+fp/hard\libc_nano.a(libc_a-strncmp.o)
                0x080064ee                strncmp
 *fill*         0x08006512        0x2 
 .text._close_r
                0x08006514       0x20 c:/Users/kroko/AppData/Roaming/Code/User/globalStorage/bmd.stm32-for-vscode/@xpack-dev-tools/arm-none-eabi-gcc/13.3.1-1.1.1/.content/bin/../lib/gcc/arm-none-eabi/13.3.1/../../../../arm-none-eabi/lib/thumb/v7e-m+fp/hard\libc_nano.a(libc_a-closer.o)
                0x08006514                _close_r
 .text._lseek_r
                0x08006534       0x24 c:/Users/kroko/AppData/Roaming/Code/User/globalStorage/bmd.stm32-for-vscode/@xpack-dev-tools/arm-none-eabi-gcc/13.3.1-1.1.1/.content/bin/../lib/gcc/arm-none-eabi/13.3.1/../../../../arm-none-eabi/lib/thumb/v7e-m+fp/hard\libc_nano.a(libc_a-lseekr.o)
                0x08006534                _lseek_r
 .text._read_r  0x08006558       0x24 c:/Users/kroko/AppData/Roaming/Code/User/globalStorage/bmd.stm32-for-vscode/@xpack-dev-tools/arm-none-eabi-gcc/13.3.1-1.1.1/.content/bin/../lib/gcc/arm-none-eabi/13.3.1/../../../../arm-none-eabi/lib/thumb/v7e-m+fp/hard\libc_nano.a(libc_a-readr.o)
                0x08006558                _read_r
 .text._write_r
                0x0800657c       0x24 c:/Users/kroko/AppData/Roaming/Code/User/globalStorage/bmd.stm32-for-vscode/@xpack-dev-tools/arm-none-eabi-gcc/13.3.1-1.1.1/.content/bin/../lib/gcc/arm-none-eabi/13.3.1/../../../../arm-none-eabi/lib/thumb/v7e-m+fp/hard\libc_nano.a(libc_a-writer.o)
                0x0800657c                _write_r
 .text.__errno  0x080065a0        0xc c:/Users/kroko/AppData/Roaming/Code/User/globalStorage/bmd.stm32-for-vscode/@xpack-dev-tools/arm-none-eabi-gcc/13.3.1-1.1.1/.content/bin/../lib/gcc/arm-none-eabi/13.3.1/../../../../arm-none-eabi/lib/thumb/v7e-m+fp/hard\libc_nano.a(libc_a-errno.o)
                0x080065a0                __errno
 .text.__libc_init_array
                0x080065ac       0x48 c:/Users/kroko/AppData/Roaming/Code/User/globalStorage/bmd.stm32-for-vscode/@xpack-dev-tools/arm-none-eabi-gcc/13.3.1-1.1.1/.content/bin/../lib/gcc/arm-none-eabi/13.3.1/../../../../arm-none-eabi/lib/thumb/v7e-m+fp/hard\libc_nano.a(libc_a-init.o)
                0x080065ac                __libc_init_array
 .text.__retarget_lock_init_recursive
                0x080065f4        0x2 c:/Users/kroko/AppData/Roaming/Code/User/globalStorage/bmd.stm32-for-vscode/@xpack-dev-tools/arm-none-eabi-gcc/13.3.1-1.1.1/.content/bin/../lib/gcc/arm-none-eabi/13.3.1/../../../../arm-none-eabi/lib/thumb/v7e-m+fp/hard\libc_nano.a(libc_a-lock.o)
                0x080065f4                __retarget_lock_init_recursive
 .text.__retarget_lock_acquire_recursive
                0x080065f6        0x2 c:/Users/kroko/AppData/Roaming/Code/User/globalStorage/bmd.stm32-for-vscode/@xpack-dev-tools/arm-none-eabi-gcc/13.3.1-1.1.1/.content/bin/../lib/gcc/arm-none-eabi/13.3.1/../../../../arm-none-eabi/lib/thumb/v7e-m+fp/hard\libc_nano.a(libc_a-lock.o)
                0x080065f6                __retarget_lock_acquire_recursive
 .text.__retarget_lock_release_recursive
                0x080065f8        0x2 c:/Users/kroko/AppData/Roaming/Code/User/globalStorage/bmd.stm32-for-vscode/@xpack-dev-tools/arm-none-eabi-gcc/13.3.1-1.1.1/.content/bin/../lib/gcc/arm-none-eabi/13.3.1/../../../../arm-none-eabi/lib/thumb/v7e-m+fp/hard\libc_nano.a(libc_a-lock.o)
                0x080065f8                __retarget_lock_release_recursive
 .text.memcpy   0x080065fa       0x1c c:/Users/kroko/AppData/Roaming/Code/User/globalStorage/bmd.stm32-for-vscode/@xpack-dev-tools/arm-none-eabi-gcc/13.3.1-1.1.1/.content/bin/../lib/gcc/arm-none-eabi/13.3.1/../../../../arm-none-eabi/lib/thumb/v7e-m+fp/hard\libc_nano.a(libc_a-memcpy-stub.o)
                0x080065fa                memcpy
 *fill*         0x08006616        0x2 
 .text.nan      0x08006618       0x10 c:/Users/kroko/AppData/Roaming/Code/User/globalStorage/bmd.stm32-for-vscode/@xpack-dev-tools/arm-none-eabi-gcc/13.3.1-1.1.1/.content/bin/../lib/gcc/arm-none-eabi/13.3.1/../../../../arm-none-eabi/lib/thumb/v7e-m+fp/hard\libc_nano.a(libm_a-s_nan.o)
                0x08006618                nan
 .text._free_r  0x08006628       0x94 c:/Users/kroko/AppData/Roaming/Code/User/globalStorage/bmd.stm32-for-vscode/@xpack-dev-tools/arm-none-eabi-gcc/13.3.1-1.1.1/.content/bin/../lib/gcc/arm-none-eabi/13.3.1/../../../../arm-none-eabi/lib/thumb/v7e-m+fp/hard\libc_nano.a(libc_a-freer.o)
                0x08006628                _free_r
 .text.rshift   0x080066bc       0xa4 c:/Users/kroko/AppData/Roaming/Code/User/globalStorage/bmd.stm32-for-vscode/@xpack-dev-tools/arm-none-eabi-gcc/13.3.1-1.1.1/.content/bin/../lib/gcc/arm-none-eabi/13.3.1/../../../../arm-none-eabi/lib/thumb/v7e-m+fp/hard\libc_nano.a(libc_a-gdtoa-gethex.o)
 .text.__hexdig_fun
                0x08006760       0x2a c:/Users/kroko/AppData/Roaming/Code/User/globalStorage/bmd.stm32-for-vscode/@xpack-dev-tools/arm-none-eabi-gcc/13.3.1-1.1.1/.content/bin/../lib/gcc/arm-none-eabi/13.3.1/../../../../arm-none-eabi/lib/thumb/v7e-m+fp/hard\libc_nano.a(libc_a-gdtoa-gethex.o)
                0x08006760                __hexdig_fun
 *fill*         0x0800678a        0x2 
 .text.__gethex
                0x0800678c      0x420 c:/Users/kroko/AppData/Roaming/Code/User/globalStorage/bmd.stm32-for-vscode/@xpack-dev-tools/arm-none-eabi-gcc/13.3.1-1.1.1/.content/bin/../lib/gcc/arm-none-eabi/13.3.1/../../../../arm-none-eabi/lib/thumb/v7e-m+fp/hard\libc_nano.a(libc_a-gdtoa-gethex.o)
                0x0800678c                __gethex
 .text.L_shift  0x08006bac       0x24 c:/Users/kroko/AppData/Roaming/Code/User/globalStorage/bmd.stm32-for-vscode/@xpack-dev-tools/arm-none-eabi-gcc/13.3.1-1.1.1/.content/bin/../lib/gcc/arm-none-eabi/13.3.1/../../../../arm-none-eabi/lib/thumb/v7e-m+fp/hard\libc_nano.a(libc_a-gdtoa-hexnan.o)
 .text.__match  0x08006bd0       0x28 c:/Users/kroko/AppData/Roaming/Code/User/globalStorage/bmd.stm32-for-vscode/@xpack-dev-tools/arm-none-eabi-gcc/13.3.1-1.1.1/.content/bin/../lib/gcc/arm-none-eabi/13.3.1/../../../../arm-none-eabi/lib/thumb/v7e-m+fp/hard\libc_nano.a(libc_a-gdtoa-hexnan.o)
                0x08006bd0                __match
 .text.__hexnan
                0x08006bf8      0x136 c:/Users/kroko/AppData/Roaming/Code/User/globalStorage/bmd.stm32-for-vscode/@xpack-dev-tools/arm-none-eabi-gcc/13.3.1-1.1.1/.content/bin/../lib/gcc/arm-none-eabi/13.3.1/../../../../arm-none-eabi/lib/thumb/v7e-m+fp/hard\libc_nano.a(libc_a-gdtoa-hexnan.o)
                0x08006bf8                __hexnan
 *fill*         0x08006d2e        0x2 
 .text.sbrk_aligned
                0x08006d30       0x44 c:/Users/kroko/AppData/Roaming/Code/User/globalStorage/bmd.stm32-for-vscode/@xpack-dev-tools/arm-none-eabi-gcc/13.3.1-1.1.1/.content/bin/../lib/gcc/arm-none-eabi/13.3.1/../../../../arm-none-eabi/lib/thumb/v7e-m+fp/hard\libc_nano.a(libc_a-mallocr.o)
 .text._malloc_r
                0x08006d74      0x100 c:/Users/kroko/AppData/Roaming/Code/User/globalStorage/bmd.stm32-for-vscode/@xpack-dev-tools/arm-none-eabi-gcc/13.3.1-1.1.1/.content/bin/../lib/gcc/arm-none-eabi/13.3.1/../../../../arm-none-eabi/lib/thumb/v7e-m+fp/hard\libc_nano.a(libc_a-mallocr.o)
                0x08006d74                _malloc_r
 .text.__ascii_mbtowc
                0x08006e74       0x24 c:/Users/kroko/AppData/Roaming/Code/User/globalStorage/bmd.stm32-for-vscode/@xpack-dev-tools/arm-none-eabi-gcc/13.3.1-1.1.1/.content/bin/../lib/gcc/arm-none-eabi/13.3.1/../../../../arm-none-eabi/lib/thumb/v7e-m+fp/hard\libc_nano.a(libc_a-mbtowc_r.o)
                0x08006e74                __ascii_mbtowc
 .text.__malloc_lock
                0x08006e98        0xc c:/Users/kroko/AppData/Roaming/Code/User/globalStorage/bmd.stm32-for-vscode/@xpack-dev-tools/arm-none-eabi-gcc/13.3.1-1.1.1/.content/bin/../lib/gcc/arm-none-eabi/13.3.1/../../../../arm-none-eabi/lib/thumb/v7e-m+fp/hard\libc_nano.a(libc_a-mlock.o)
                0x08006e98                __malloc_lock
 .text.__malloc_unlock
                0x08006ea4        0xc c:/Users/kroko/AppData/Roaming/Code/User/globalStorage/bmd.stm32-for-vscode/@xpack-dev-tools/arm-none-eabi-gcc/13.3.1-1.1.1/.content/bin/../lib/gcc/arm-none-eabi/13.3.1/../../../../arm-none-eabi/lib/thumb/v7e-m+fp/hard\libc_nano.a(libc_a-mlock.o)
                0x08006ea4                __malloc_unlock
 .text._Balloc  0x08006eb0       0x80 c:/Users/kroko/AppData/Roaming/Code/User/globalStorage/bmd.stm32-for-vscode/@xpack-dev-tools/arm-none-eabi-gcc/13.3.1-1.1.1/.content/bin/../lib/gcc/arm-none-eabi/13.3.1/../../../../arm-none-eabi/lib/thumb/v7e-m+fp/hard\libc_nano.a(libc_a-mprec.o)
                0x08006eb0                _Balloc
 .text._Bfree   0x08006f30       0x44 c:/Users/kroko/AppData/Roaming/Code/User/globalStorage/bmd.stm32-for-vscode/@xpack-dev-tools/arm-none-eabi-gcc/13.3.1-1.1.1/.content/bin/../lib/gcc/arm-none-eabi/13.3.1/../../../../arm-none-eabi/lib/thumb/v7e-m+fp/hard\libc_nano.a(libc_a-mprec.o)
                0x08006f30                _Bfree
 .text.__multadd
                0x08006f74       0x8c c:/Users/kroko/AppData/Roaming/Code/User/globalStorage/bmd.stm32-for-vscode/@xpack-dev-tools/arm-none-eabi-gcc/13.3.1-1.1.1/.content/bin/../lib/gcc/arm-none-eabi/13.3.1/../../../../arm-none-eabi/lib/thumb/v7e-m+fp/hard\libc_nano.a(libc_a-mprec.o)
                0x08006f74                __multadd
 .text.__s2b    0x08007000       0x94 c:/Users/kroko/AppData/Roaming/Code/User/globalStorage/bmd.stm32-for-vscode/@xpack-dev-tools/arm-none-eabi-gcc/13.3.1-1.1.1/.content/bin/../lib/gcc/arm-none-eabi/13.3.1/../../../../arm-none-eabi/lib/thumb/v7e-m+fp/hard\libc_nano.a(libc_a-mprec.o)
                0x08007000                __s2b
 .text.__hi0bits
                0x08007094       0x3e c:/Users/kroko/AppData/Roaming/Code/User/globalStorage/bmd.stm32-for-vscode/@xpack-dev-tools/arm-none-eabi-gcc/13.3.1-1.1.1/.content/bin/../lib/gcc/arm-none-eabi/13.3.1/../../../../arm-none-eabi/lib/thumb/v7e-m+fp/hard\libc_nano.a(libc_a-mprec.o)
                0x08007094                __hi0bits
 .text.__lo0bits
                0x080070d2       0x5a c:/Users/kroko/AppData/Roaming/Code/User/globalStorage/bmd.stm32-for-vscode/@xpack-dev-tools/arm-none-eabi-gcc/13.3.1-1.1.1/.content/bin/../lib/gcc/arm-none-eabi/13.3.1/../../../../arm-none-eabi/lib/thumb/v7e-m+fp/hard\libc_nano.a(libc_a-mprec.o)
                0x080070d2                __lo0bits
 .text.__i2b    0x0800712c       0x2c c:/Users/kroko/AppData/Roaming/Code/User/globalStorage/bmd.stm32-for-vscode/@xpack-dev-tools/arm-none-eabi-gcc/13.3.1-1.1.1/.content/bin/../lib/gcc/arm-none-eabi/13.3.1/../../../../arm-none-eabi/lib/thumb/v7e-m+fp/hard\libc_nano.a(libc_a-mprec.o)
                0x0800712c                __i2b
 .text.__multiply
                0x08007158      0x144 c:/Users/kroko/AppData/Roaming/Code/User/globalStorage/bmd.stm32-for-vscode/@xpack-dev-tools/arm-none-eabi-gcc/13.3.1-1.1.1/.content/bin/../lib/gcc/arm-none-eabi/13.3.1/../../../../arm-none-eabi/lib/thumb/v7e-m+fp/hard\libc_nano.a(libc_a-mprec.o)
                0x08007158                __multiply
 .text.__pow5mult
                0x0800729c       0xb4 c:/Users/kroko/AppData/Roaming/Code/User/globalStorage/bmd.stm32-for-vscode/@xpack-dev-tools/arm-none-eabi-gcc/13.3.1-1.1.1/.content/bin/../lib/gcc/arm-none-eabi/13.3.1/../../../../arm-none-eabi/lib/thumb/v7e-m+fp/hard\libc_nano.a(libc_a-mprec.o)
                0x0800729c                __pow5mult
 .text.__lshift
                0x08007350       0xd8 c:/Users/kroko/AppData/Roaming/Code/User/globalStorage/bmd.stm32-for-vscode/@xpack-dev-tools/arm-none-eabi-gcc/13.3.1-1.1.1/.content/bin/../lib/gcc/arm-none-eabi/13.3.1/../../../../arm-none-eabi/lib/thumb/v7e-m+fp/hard\libc_nano.a(libc_a-mprec.o)
                0x08007350                __lshift
 .text.__mcmp   0x08007428       0x36 c:/Users/kroko/AppData/Roaming/Code/User/globalStorage/bmd.stm32-for-vscode/@xpack-dev-tools/arm-none-eabi-gcc/13.3.1-1.1.1/.content/bin/../lib/gcc/arm-none-eabi/13.3.1/../../../../arm-none-eabi/lib/thumb/v7e-m+fp/hard\libc_nano.a(libc_a-mprec.o)
                0x08007428                __mcmp
 *fill*         0x0800745e        0x2 
 .text.__mdiff  0x08007460      0x128 c:/Users/kroko/AppData/Roaming/Code/User/globalStorage/bmd.stm32-for-vscode/@xpack-dev-tools/arm-none-eabi-gcc/13.3.1-1.1.1/.content/bin/../lib/gcc/arm-none-eabi/13.3.1/../../../../arm-none-eabi/lib/thumb/v7e-m+fp/hard\libc_nano.a(libc_a-mprec.o)
                0x08007460                __mdiff
 .text.__ulp    0x08007588       0x4c c:/Users/kroko/AppData/Roaming/Code/User/globalStorage/bmd.stm32-for-vscode/@xpack-dev-tools/arm-none-eabi-gcc/13.3.1-1.1.1/.content/bin/../lib/gcc/arm-none-eabi/13.3.1/../../../../arm-none-eabi/lib/thumb/v7e-m+fp/hard\libc_nano.a(libc_a-mprec.o)
                0x08007588                __ulp
 .text.__b2d    0x080075d4       0x94 c:/Users/kroko/AppData/Roaming/Code/User/globalStorage/bmd.stm32-for-vscode/@xpack-dev-tools/arm-none-eabi-gcc/13.3.1-1.1.1/.content/bin/../lib/gcc/arm-none-eabi/13.3.1/../../../../arm-none-eabi/lib/thumb/v7e-m+fp/hard\libc_nano.a(libc_a-mprec.o)
                0x080075d4                __b2d
 .text.__d2b    0x08007668       0xb0 c:/Users/kroko/AppData/Roaming/Code/User/globalStorage/bmd.stm32-for-vscode/@xpack-dev-tools/arm-none-eabi-gcc/13.3.1-1.1.1/.content/bin/../lib/gcc/arm-none-eabi/13.3.1/../../../../arm-none-eabi/lib/thumb/v7e-m+fp/hard\libc_nano.a(libc_a-mprec.o)
                0x08007668                __d2b
 .text.__ratio  0x08007718       0x64 c:/Users/kroko/AppData/Roaming/Code/User/globalStorage/bmd.stm32-for-vscode/@xpack-dev-tools/arm-none-eabi-gcc/13.3.1-1.1.1/.content/bin/../lib/gcc/arm-none-eabi/13.3.1/../../../../arm-none-eabi/lib/thumb/v7e-m+fp/hard\libc_nano.a(libc_a-mprec.o)
                0x08007718                __ratio
 .text._mprec_log10
                0x0800777c       0x3c c:/Users/kroko/AppData/Roaming/Code/User/globalStorage/bmd.stm32-for-vscode/@xpack-dev-tools/arm-none-eabi-gcc/13.3.1-1.1.1/.content/bin/../lib/gcc/arm-none-eabi/13.3.1/../../../../arm-none-eabi/lib/thumb/v7e-m+fp/hard\libc_nano.a(libc_a-mprec.o)
                0x0800777c                _mprec_log10
 .text.__copybits
                0x080077b8       0x46 c:/Users/kroko/AppData/Roaming/Code/User/globalStorage/bmd.stm32-for-vscode/@xpack-dev-tools/arm-none-eabi-gcc/13.3.1-1.1.1/.content/bin/../lib/gcc/arm-none-eabi/13.3.1/../../../../arm-none-eabi/lib/thumb/v7e-m+fp/hard\libc_nano.a(libc_a-mprec.o)
                0x080077b8                __copybits
 .text.__any_on
                0x080077fe       0x42 c:/Users/kroko/AppData/Roaming/Code/User/globalStorage/bmd.stm32-for-vscode/@xpack-dev-tools/arm-none-eabi-gcc/13.3.1-1.1.1/.content/bin/../lib/gcc/arm-none-eabi/13.3.1/../../../../arm-none-eabi/lib/thumb/v7e-m+fp/hard\libc_nano.a(libc_a-mprec.o)
                0x080077fe                __any_on
 .text.__ascii_wctomb
                0x08007840       0x1a c:/Users/kroko/AppData/Roaming/Code/User/globalStorage/bmd.stm32-for-vscode/@xpack-dev-tools/arm-none-eabi-gcc/13.3.1-1.1.1/.content/bin/../lib/gcc/arm-none-eabi/13.3.1/../../../../arm-none-eabi/lib/thumb/v7e-m+fp/hard\libc_nano.a(libc_a-wctomb_r.o)
                0x08007840                __ascii_wctomb
 .text.print_e  0x0800785a       0xe4 c:/Users/kroko/AppData/Roaming/Code/User/globalStorage/bmd.stm32-for-vscode/@xpack-dev-tools/arm-none-eabi-gcc/13.3.1-1.1.1/.content/bin/../lib/gcc/arm-none-eabi/13.3.1/../../../../arm-none-eabi/lib/thumb/v7e-m+fp/hard\libc_nano.a(libc_a-ecvtbuf.o)
 *fill*         0x0800793e        0x2 
 .text._gcvt    0x08007940      0x1a0 c:/Users/kroko/AppData/Roaming/Code/User/globalStorage/bmd.stm32-for-vscode/@xpack-dev-tools/arm-none-eabi-gcc/13.3.1-1.1.1/.content/bin/../lib/gcc/arm-none-eabi/13.3.1/../../../../arm-none-eabi/lib/thumb/v7e-m+fp/hard\libc_nano.a(libc_a-ecvtbuf.o)
                0x08007940                _gcvt
 .text.__ssputs_r
                0x08007ae0       0xb6 c:/Users/kroko/AppData/Roaming/Code/User/globalStorage/bmd.stm32-for-vscode/@xpack-dev-tools/arm-none-eabi-gcc/13.3.1-1.1.1/.content/bin/../lib/gcc/arm-none-eabi/13.3.1/../../../../arm-none-eabi/lib/thumb/v7e-m+fp/hard\libc_nano.a(libc_a-nano-svfprintf.o)
                0x08007ae0                __ssputs_r
 *fill*         0x08007b96        0x2 
 .text._svfprintf_r
                0x08007b98      0x1f8 c:/Users/kroko/AppData/Roaming/Code/User/globalStorage/bmd.stm32-for-vscode/@xpack-dev-tools/arm-none-eabi-gcc/13.3.1-1.1.1/.content/bin/../lib/gcc/arm-none-eabi/13.3.1/../../../../arm-none-eabi/lib/thumb/v7e-m+fp/hard\libc_nano.a(libc_a-nano-svfprintf.o)
                0x08007b98                _svfiprintf_r
                0x08007b98                _svfprintf_r
 .text._printf_common
                0x08007d90       0xda c:/Users/kroko/AppData/Roaming/Code/User/globalStorage/bmd.stm32-for-vscode/@xpack-dev-tools/arm-none-eabi-gcc/13.3.1-1.1.1/.content/bin/../lib/gcc/arm-none-eabi/13.3.1/../../../../arm-none-eabi/lib/thumb/v7e-m+fp/hard\libc_nano.a(libc_a-nano-vfprintf_i.o)
                0x08007d90                _printf_common
 *fill*         0x08007e6a        0x2 
 .text._printf_i
                0x08007e6c      0x23c c:/Users/kroko/AppData/Roaming/Code/User/globalStorage/bmd.stm32-for-vscode/@xpack-dev-tools/arm-none-eabi-gcc/13.3.1-1.1.1/.content/bin/../lib/gcc/arm-none-eabi/13.3.1/../../../../arm-none-eabi/lib/thumb/v7e-m+fp/hard\libc_nano.a(libc_a-nano-vfprintf_i.o)
                0x08007e6c                _printf_i
 .text.__sflush_r
                0x080080a8      0x108 c:/Users/kroko/AppData/Roaming/Code/User/globalStorage/bmd.stm32-for-vscode/@xpack-dev-tools/arm-none-eabi-gcc/13.3.1-1.1.1/.content/bin/../lib/gcc/arm-none-eabi/13.3.1/../../../../arm-none-eabi/lib/thumb/v7e-m+fp/hard\libc_nano.a(libc_a-fflush.o)
                0x080080a8                __sflush_r
 .text._fflush_r
                0x080081b0       0x50 c:/Users/kroko/AppData/Roaming/Code/User/globalStorage/bmd.stm32-for-vscode/@xpack-dev-tools/arm-none-eabi-gcc/13.3.1-1.1.1/.content/bin/../lib/gcc/arm-none-eabi/13.3.1/../../../../arm-none-eabi/lib/thumb/v7e-m+fp/hard\libc_nano.a(libc_a-fflush.o)
                0x080081b0                _fflush_r
 .text.memmove  0x08008200       0x34 c:/Users/kroko/AppData/Roaming/Code/User/globalStorage/bmd.stm32-for-vscode/@xpack-dev-tools/arm-none-eabi-gcc/13.3.1-1.1.1/.content/bin/../lib/gcc/arm-none-eabi/13.3.1/../../../../arm-none-eabi/lib/thumb/v7e-m+fp/hard\libc_nano.a(libc_a-memmove.o)
                0x08008200                memmove
 .text._sbrk_r  0x08008234       0x20 c:/Users/kroko/AppData/Roaming/Code/User/globalStorage/bmd.stm32-for-vscode/@xpack-dev-tools/arm-none-eabi-gcc/13.3.1-1.1.1/.content/bin/../lib/gcc/arm-none-eabi/13.3.1/../../../../arm-none-eabi/lib/thumb/v7e-m+fp/hard\libc_nano.a(libc_a-sbrkr.o)
                0x08008234                _sbrk_r
 .text.strcpy   0x08008254       0x10 c:/Users/kroko/AppData/Roaming/Code/User/globalStorage/bmd.stm32-for-vscode/@xpack-dev-tools/arm-none-eabi-gcc/13.3.1-1.1.1/.content/bin/../lib/gcc/arm-none-eabi/13.3.1/../../../../arm-none-eabi/lib/thumb/v7e-m+fp/hard\libc_nano.a(libc_a-strcpy.o)
                0x08008254                strcpy
 .text.__assert_func
                0x08008264       0x3c c:/Users/kroko/AppData/Roaming/Code/User/globalStorage/bmd.stm32-for-vscode/@xpack-dev-tools/arm-none-eabi-gcc/13.3.1-1.1.1/.content/bin/../lib/gcc/arm-none-eabi/13.3.1/../../../../arm-none-eabi/lib/thumb/v7e-m+fp/hard\libc_nano.a(libc_a-assert.o)
                0x08008264                __assert_func
 .text._calloc_r
                0x080082a0       0x28 c:/Users/kroko/AppData/Roaming/Code/User/globalStorage/bmd.stm32-for-vscode/@xpack-dev-tools/arm-none-eabi-gcc/13.3.1-1.1.1/.content/bin/../lib/gcc/arm-none-eabi/13.3.1/../../../../arm-none-eabi/lib/thumb/v7e-m+fp/hard\libc_nano.a(libc_a-callocr.o)
                0x080082a0                _calloc_r
 .text.quorem   0x080082c8      0x110 c:/Users/kroko/AppData/Roaming/Code/User/globalStorage/bmd.stm32-for-vscode/@xpack-dev-tools/arm-none-eabi-gcc/13.3.1-1.1.1/.content/bin/../lib/gcc/arm-none-eabi/13.3.1/../../../../arm-none-eabi/lib/thumb/v7e-m+fp/hard\libc_nano.a(libc_a-dtoa.o)
 .text._dtoa_r  0x080083d8      0xb74 c:/Users/kroko/AppData/Roaming/Code/User/globalStorage/bmd.stm32-for-vscode/@xpack-dev-tools/arm-none-eabi-gcc/13.3.1-1.1.1/.content/bin/../lib/gcc/arm-none-eabi/13.3.1/../../../../arm-none-eabi/lib/thumb/v7e-m+fp/hard\libc_nano.a(libc_a-dtoa.o)
                0x080083d8                _dtoa_r
 .text.malloc   0x08008f4c       0x10 c:/Users/kroko/AppData/Roaming/Code/User/globalStorage/bmd.stm32-for-vscode/@xpack-dev-tools/arm-none-eabi-gcc/13.3.1-1.1.1/.content/bin/../lib/gcc/arm-none-eabi/13.3.1/../../../../arm-none-eabi/lib/thumb/v7e-m+fp/hard\libc_nano.a(libc_a-malloc.o)
                0x08008f4c                malloc
 .text._realloc_r
                0x08008f5c       0x5c c:/Users/kroko/AppData/Roaming/Code/User/globalStorage/bmd.stm32-for-vscode/@xpack-dev-tools/arm-none-eabi-gcc/13.3.1-1.1.1/.content/bin/../lib/gcc/arm-none-eabi/13.3.1/../../../../arm-none-eabi/lib/thumb/v7e-m+fp/hard\libc_nano.a(libc_a-reallocr.o)
                0x08008f5c                _realloc_r
 .text.fprintf  0x08008fb8       0x24 c:/Users/kroko/AppData/Roaming/Code/User/globalStorage/bmd.stm32-for-vscode/@xpack-dev-tools/arm-none-eabi-gcc/13.3.1-1.1.1/.content/bin/../lib/gcc/arm-none-eabi/13.3.1/../../../../arm-none-eabi/lib/thumb/v7e-m+fp/hard\libc_nano.a(libc_a-fprintf.o)
                0x08008fb8                fiprintf
                0x08008fb8                fprintf
 .text.abort    0x08008fdc        0xe c:/Users/kroko/AppData/Roaming/Code/User/globalStorage/bmd.stm32-for-vscode/@xpack-dev-tools/arm-none-eabi-gcc/13.3.1-1.1.1/.content/bin/../lib/gcc/arm-none-eabi/13.3.1/../../../../arm-none-eabi/lib/thumb/v7e-m+fp/hard\libc_nano.a(libc_a-abort.o)
                0x08008fdc                abort
 .text._malloc_usable_size_r
                0x08008fea       0x10 c:/Users/kroko/AppData/Roaming/Code/User/globalStorage/bmd.stm32-for-vscode/@xpack-dev-tools/arm-none-eabi-gcc/13.3.1-1.1.1/.content/bin/../lib/gcc/arm-none-eabi/13.3.1/../../../../arm-none-eabi/lib/thumb/v7e-m+fp/hard\libc_nano.a(libc_a-msizer.o)
                0x08008fea                _malloc_usable_size_r
 .text.__sfputc_r
                0x08008ffa       0x2e c:/Users/kroko/AppData/Roaming/Code/User/globalStorage/bmd.stm32-for-vscode/@xpack-dev-tools/arm-none-eabi-gcc/13.3.1-1.1.1/.content/bin/../lib/gcc/arm-none-eabi/13.3.1/../../../../arm-none-eabi/lib/thumb/v7e-m+fp/hard\libc_nano.a(libc_a-nano-vfprintf.o)
 .text.__sfputs_r
                0x08009028       0x24 c:/Users/kroko/AppData/Roaming/Code/User/globalStorage/bmd.stm32-for-vscode/@xpack-dev-tools/arm-none-eabi-gcc/13.3.1-1.1.1/.content/bin/../lib/gcc/arm-none-eabi/13.3.1/../../../../arm-none-eabi/lib/thumb/v7e-m+fp/hard\libc_nano.a(libc_a-nano-vfprintf.o)
                0x08009028                __sfputs_r
 .text._vfprintf_r
                0x0800904c      0x230 c:/Users/kroko/AppData/Roaming/Code/User/globalStorage/bmd.stm32-for-vscode/@xpack-dev-tools/arm-none-eabi-gcc/13.3.1-1.1.1/.content/bin/../lib/gcc/arm-none-eabi/13.3.1/../../../../arm-none-eabi/lib/thumb/v7e-m+fp/hard\libc_nano.a(libc_a-nano-vfprintf.o)
                0x0800904c                _vfprintf_r
                0x0800904c                _vfiprintf_r
 .text.__swbuf_r
                0x0800927c       0x7c c:/Users/kroko/AppData/Roaming/Code/User/globalStorage/bmd.stm32-for-vscode/@xpack-dev-tools/arm-none-eabi-gcc/13.3.1-1.1.1/.content/bin/../lib/gcc/arm-none-eabi/13.3.1/../../../../arm-none-eabi/lib/thumb/v7e-m+fp/hard\libc_nano.a(libc_a-wbuf.o)
                0x0800927c                __swbuf_r
 .text.__swsetup_r
                0x080092f8       0xac c:/Users/kroko/AppData/Roaming/Code/User/globalStorage/bmd.stm32-for-vscode/@xpack-dev-tools/arm-none-eabi-gcc/13.3.1-1.1.1/.content/bin/../lib/gcc/arm-none-eabi/13.3.1/../../../../arm-none-eabi/lib/thumb/v7e-m+fp/hard\libc_nano.a(libc_a-wsetup.o)
                0x080092f8                __swsetup_r
 .text._raise_r
                0x080093a4       0x50 c:/Users/kroko/AppData/Roaming/Code/User/globalStorage/bmd.stm32-for-vscode/@xpack-dev-tools/arm-none-eabi-gcc/13.3.1-1.1.1/.content/bin/../lib/gcc/arm-none-eabi/13.3.1/../../../../arm-none-eabi/lib/thumb/v7e-m+fp/hard\libc_nano.a(libc_a-signal.o)
                0x080093a4                _raise_r
 .text.raise    0x080093f4       0x10 c:/Users/kroko/AppData/Roaming/Code/User/globalStorage/bmd.stm32-for-vscode/@xpack-dev-tools/arm-none-eabi-gcc/13.3.1-1.1.1/.content/bin/../lib/gcc/arm-none-eabi/13.3.1/../../../../arm-none-eabi/lib/thumb/v7e-m+fp/hard\libc_nano.a(libc_a-signal.o)
                0x080093f4                raise
 .text._kill_r  0x08009404       0x24 c:/Users/kroko/AppData/Roaming/Code/User/globalStorage/bmd.stm32-for-vscode/@xpack-dev-tools/arm-none-eabi-gcc/13.3.1-1.1.1/.content/bin/../lib/gcc/arm-none-eabi/13.3.1/../../../../arm-none-eabi/lib/thumb/v7e-m+fp/hard\libc_nano.a(libc_a-signalr.o)
                0x08009404                _kill_r
 .text._getpid_r
                0x08009428        0x4 c:/Users/kroko/AppData/Roaming/Code/User/globalStorage/bmd.stm32-for-vscode/@xpack-dev-tools/arm-none-eabi-gcc/13.3.1-1.1.1/.content/bin/../lib/gcc/arm-none-eabi/13.3.1/../../../../arm-none-eabi/lib/thumb/v7e-m+fp/hard\libc_nano.a(libc_a-signalr.o)
                0x08009428                _getpid_r
 .text.__swhatbuf_r
                0x0800942c       0x4c c:/Users/kroko/AppData/Roaming/Code/User/globalStorage/bmd.stm32-for-vscode/@xpack-dev-tools/arm-none-eabi-gcc/13.3.1-1.1.1/.content/bin/../lib/gcc/arm-none-eabi/13.3.1/../../../../arm-none-eabi/lib/thumb/v7e-m+fp/hard\libc_nano.a(libc_a-makebuf.o)
                0x0800942c                __swhatbuf_r
 .text.__smakebuf_r
                0x08009478       0x78 c:/Users/kroko/AppData/Roaming/Code/User/globalStorage/bmd.stm32-for-vscode/@xpack-dev-tools/arm-none-eabi-gcc/13.3.1-1.1.1/.content/bin/../lib/gcc/arm-none-eabi/13.3.1/../../../../arm-none-eabi/lib/thumb/v7e-m+fp/hard\libc_nano.a(libc_a-makebuf.o)
                0x08009478                __smakebuf_r
 .text._fstat_r
                0x080094f0       0x24 c:/Users/kroko/AppData/Roaming/Code/User/globalStorage/bmd.stm32-for-vscode/@xpack-dev-tools/arm-none-eabi-gcc/13.3.1-1.1.1/.content/bin/../lib/gcc/arm-none-eabi/13.3.1/../../../../arm-none-eabi/lib/thumb/v7e-m+fp/hard\libc_nano.a(libc_a-fstatr.o)
                0x080094f0                _fstat_r
 .text._isatty_r
                0x08009514       0x20 c:/Users/kroko/AppData/Roaming/Code/User/globalStorage/bmd.stm32-for-vscode/@xpack-dev-tools/arm-none-eabi-gcc/13.3.1-1.1.1/.content/bin/../lib/gcc/arm-none-eabi/13.3.1/../../../../arm-none-eabi/lib/thumb/v7e-m+fp/hard\libc_nano.a(libc_a-isattyr.o)
                0x08009514                _isatty_r
 *fill*         0x08009534        0x4 
 .text.cos      0x08009538       0x88 c:/Users/kroko/AppData/Roaming/Code/User/globalStorage/bmd.stm32-for-vscode/@xpack-dev-tools/arm-none-eabi-gcc/13.3.1-1.1.1/.content/bin/../lib/gcc/arm-none-eabi/13.3.1/../../../../arm-none-eabi/lib/thumb/v7e-m+fp/hard\libm.a(libm_a-s_cos.o)
                0x08009538                cos
 .text.sin      0x080095c0       0x90 c:/Users/kroko/AppData/Roaming/Code/User/globalStorage/bmd.stm32-for-vscode/@xpack-dev-tools/arm-none-eabi-gcc/13.3.1-1.1.1/.content/bin/../lib/gcc/arm-none-eabi/13.3.1/../../../../arm-none-eabi/lib/thumb/v7e-m+fp/hard\libm.a(libm_a-s_sin.o)
                0x080095c0                sin
 .text.__kernel_cos
                0x08009650      0x26c c:/Users/kroko/AppData/Roaming/Code/User/globalStorage/bmd.stm32-for-vscode/@xpack-dev-tools/arm-none-eabi-gcc/13.3.1-1.1.1/.content/bin/../lib/gcc/arm-none-eabi/13.3.1/../../../../arm-none-eabi/lib/thumb/v7e-m+fp/hard\libm.a(libm_a-k_cos.o)
                0x08009650                __kernel_cos
 *fill*         0x080098bc        0x4 
 .text.__kernel_sin
                0x080098c0      0x17c c:/Users/kroko/AppData/Roaming/Code/User/globalStorage/bmd.stm32-for-vscode/@xpack-dev-tools/arm-none-eabi-gcc/13.3.1-1.1.1/.content/bin/../lib/gcc/arm-none-eabi/13.3.1/../../../../arm-none-eabi/lib/thumb/v7e-m+fp/hard\libm.a(libm_a-k_sin.o)
                0x080098c0                __kernel_sin
 *fill*         0x08009a3c        0x4 
 .text.__ieee754_rem_pio2
                0x08009a40      0x424 c:/Users/kroko/AppData/Roaming/Code/User/globalStorage/bmd.stm32-for-vscode/@xpack-dev-tools/arm-none-eabi-gcc/13.3.1-1.1.1/.content/bin/../lib/gcc/arm-none-eabi/13.3.1/../../../../arm-none-eabi/lib/thumb/v7e-m+fp/hard\libm.a(libm_a-e_rem_pio2.o)
                0x08009a40                __ieee754_rem_pio2
 .text.fabs     0x08009e64       0x10 c:/Users/kroko/AppData/Roaming/Code/User/globalStorage/bmd.stm32-for-vscode/@xpack-dev-tools/arm-none-eabi-gcc/13.3.1-1.1.1/.content/bin/../lib/gcc/arm-none-eabi/13.3.1/../../../../arm-none-eabi/lib/thumb/v7e-m+fp/hard\libm.a(libm_a-s_fabs.o)
                0x08009e64                fabs
 *fill*         0x08009e74        0x4 
 .text.__kernel_rem_pio2
                0x08009e78      0x82c c:/Users/kroko/AppData/Roaming/Code/User/globalStorage/bmd.stm32-for-vscode/@xpack-dev-tools/arm-none-eabi-gcc/13.3.1-1.1.1/.content/bin/../lib/gcc/arm-none-eabi/13.3.1/../../../../arm-none-eabi/lib/thumb/v7e-m+fp/hard\libm.a(libm_a-k_rem_pio2.o)
                0x08009e78                __kernel_rem_pio2
 *fill*         0x0800a6a4        0x4 
 .text.scalbn   0x0800a6a8      0x114 c:/Users/kroko/AppData/Roaming/Code/User/globalStorage/bmd.stm32-for-vscode/@xpack-dev-tools/arm-none-eabi-gcc/13.3.1-1.1.1/.content/bin/../lib/gcc/arm-none-eabi/13.3.1/../../../../arm-none-eabi/lib/thumb/v7e-m+fp/hard\libm.a(libm_a-s_scalbn.o)
                0x0800a6a8                scalbn
 *fill*         0x0800a7bc        0x4 
 .text.floor    0x0800a7c0      0x108 c:/Users/kroko/AppData/Roaming/Code/User/globalStorage/bmd.stm32-for-vscode/@xpack-dev-tools/arm-none-eabi-gcc/13.3.1-1.1.1/.content/bin/../lib/gcc/arm-none-eabi/13.3.1/../../../../arm-none-eabi/lib/thumb/v7e-m+fp/hard\libm.a(libm_a-s_floor.o)
                0x0800a7c0                floor
 .text.__fixdfdi
                0x0800a8c8       0x30 c:/Users/kroko/AppData/Roaming/Code/User/globalStorage/bmd.stm32-for-vscode/@xpack-dev-tools/arm-none-eabi-gcc/13.3.1-1.1.1/.content/bin/../lib/gcc/arm-none-eabi/13.3.1/thumb/v7e-m+fp/hard\libgcc.a(_fixdfdi.o)
                0x0800a8c8                __fixdfdi
                0x0800a8c8                __aeabi_d2lz
 .text.__fixunsdfdi
                0x0800a8f8       0x3c c:/Users/kroko/AppData/Roaming/Code/User/globalStorage/bmd.stm32-for-vscode/@xpack-dev-tools/arm-none-eabi-gcc/13.3.1-1.1.1/.content/bin/../lib/gcc/arm-none-eabi/13.3.1/thumb/v7e-m+fp/hard\libgcc.a(_fixunsdfdi.o)
                0x0800a8f8                __fixunsdfdi
                0x0800a8f8                __aeabi_d2ulz
 .text.__udivmoddi4
                0x0800a934      0x2bc c:/Users/kroko/AppData/Roaming/Code/User/globalStorage/bmd.stm32-for-vscode/@xpack-dev-tools/arm-none-eabi-gcc/13.3.1-1.1.1/.content/bin/../lib/gcc/arm-none-eabi/13.3.1/thumb/v7e-m+fp/hard\libgcc.a(_udivmoddi4.o)
                0x0800a934                __udivmoddi4
 *(.glue_7)
 .glue_7        0x0800abf0        0x0 linker stubs
 *(.glue_7t)
 .glue_7t       0x0800abf0        0x0 linker stubs
 *(.eh_frame)
 .eh_frame      0x0800abf0        0x0 c:/Users/kroko/AppData/Roaming/Code/User/globalStorage/bmd.stm32-for-vscode/@xpack-dev-tools/arm-none-eabi-gcc/13.3.1-1.1.1/.content/bin/../lib/gcc/arm-none-eabi/13.3.1/thumb/v7e-m+fp/hard/crtbegin.o
 *(.init)
 .init          0x0800abf0        0x4 c:/Users/kroko/AppData/Roaming/Code/User/globalStorage/bmd.stm32-for-vscode/@xpack-dev-tools/arm-none-eabi-gcc/13.3.1-1.1.1/.content/bin/../lib/gcc/arm-none-eabi/13.3.1/thumb/v7e-m+fp/hard/crti.o
                0x0800abf0                _init
 .init          0x0800abf4        0x8 c:/Users/kroko/AppData/Roaming/Code/User/globalStorage/bmd.stm32-for-vscode/@xpack-dev-tools/arm-none-eabi-gcc/13.3.1-1.1.1/.content/bin/../lib/gcc/arm-none-eabi/13.3.1/thumb/v7e-m+fp/hard/crtn.o
 *(.fini)
 .fini          0x0800abfc        0x4 c:/Users/kroko/AppData/Roaming/Code/User/globalStorage/bmd.stm32-for-vscode/@xpack-dev-tools/arm-none-eabi-gcc/13.3.1-1.1.1/.content/bin/../lib/gcc/arm-none-eabi/13.3.1/thumb/v7e-m+fp/hard/crti.o
                0x0800abfc                _fini
 .fini          0x0800ac00        0x8 c:/Users/kroko/AppData/Roaming/Code/User/globalStorage/bmd.stm32-for-vscode/@xpack-dev-tools/arm-none-eabi-gcc/13.3.1-1.1.1/.content/bin/../lib/gcc/arm-none-eabi/13.3.1/thumb/v7e-m+fp/hard/crtn.o
                0x0800ac08                        . = ALIGN (0x4)
                0x0800ac08                        _etext = .

.vfp11_veneer   0x0800ac08        0x0
 .vfp11_veneer  0x0800ac08        0x0 linker stubs

.v4_bx          0x0800ac08        0x0
 .v4_bx         0x0800ac08        0x0 linker stubs

.iplt           0x0800ac08        0x0
 .iplt          0x0800ac08        0x0 c:/Users/kroko/AppData/Roaming/Code/User/globalStorage/bmd.stm32-for-vscode/@xpack-dev-tools/arm-none-eabi-gcc/13.3.1-1.1.1/.content/bin/../lib/gcc/arm-none-eabi/13.3.1/thumb/v7e-m+fp/hard/crtbegin.o

.rodata         0x0800ac08     0xa7b0
                0x0800ac08                        . = ALIGN (0x4)
 *(.rodata)
 .rodata        0x0800ac08        0x6 build/debug/Core/Src/info_disp.o
 *(.rodata*)
 *fill*         0x0800ac0e        0x2 
 .rodata.f10x16f_table
                0x0800ac10     0x2200 build/debug/Core/Src/f16f.o
                0x0800ac10                f10x16f_table
 .rodata.f24f_table5
                0x0800ce10       0x42 build/debug/Core/Src/f24f.o
                0x0800ce10                f24f_table5
 *fill*         0x0800ce52        0x2 
 .rodata.f24f_table4
                0x0800ce54       0x32 build/debug/Core/Src/f24f.o
                0x0800ce54                f24f_table4
 *fill*         0x0800ce86        0x2 
 .rodata.f24f_table3
                0x0800ce88       0x32 build/debug/Core/Src/f24f.o
                0x0800ce88                f24f_table3
 *fill*         0x0800ceba        0x2 
 .rodata.f24f_table2
                0x0800cebc       0x32 build/debug/Core/Src/f24f.o
                0x0800cebc                f24f_table2
 *fill*         0x0800ceee        0x2 
 .rodata.f24f_table
                0x0800cef0      0x1f4 build/debug/Core/Src/f24f.o
                0x0800cef0                f24f_table
 .rodata.f32f_table5
                0x0800d0e4       0x42 build/debug/Core/Src/f32f.o
                0x0800d0e4                f32f_table5
 *fill*         0x0800d126        0x2 
 .rodata.f32f_table4
                0x0800d128       0x42 build/debug/Core/Src/f32f.o
                0x0800d128                f32f_table4
 *fill*         0x0800d16a        0x2 
 .rodata.f32f_table3
                0x0800d16c       0x42 build/debug/Core/Src/f32f.o
                0x0800d16c                f32f_table3
 *fill*         0x0800d1ae        0x2 
 .rodata.f32f_table2
                0x0800d1b0       0x42 build/debug/Core/Src/f32f.o
                0x0800d1b0                f32f_table2
 *fill*         0x0800d1f2        0x2 
 .rodata.f32f_table
                0x0800d1f4      0x294 build/debug/Core/Src/f32f.o
                0x0800d1f4                f32f_table
 .rodata.f6x8m_table
                0x0800d488      0xa00 build/debug/Core/Src/f6x8m.o
                0x0800d488                f6x8m_table
 .rodata.font_table_funcs
                0x0800de88       0x10 build/debug/Core/Src/font.o
                0x0800de88                font_table_funcs
 .rodata.Dispaly_Data.str1.4
                0x0800de98       0x43 build/debug/Core/Src/info_disp.o
                                  0x6 (size before relaxing)
 .rodata.Display_Init.str1.4
                0x0800dedb       0x17 build/debug/Core/Src/info_disp.o
 .rodata.SIM_Init.str1.4
                0x0800dedb       0x17 build/debug/Core/Src/info_disp.o
 *fill*         0x0800dedb        0x1 
 .rodata.bitmap_off_84x84
                0x0800dedc     0x3720 build/debug/Core/Src/info_disp.o
                0x0800dedc                bitmap_off_84x84
 .rodata.bitmap_on_84x84
                0x080115fc     0x3720 build/debug/Core/Src/info_disp.o
                0x080115fc                bitmap_on_84x84
 .rodata.main.str1.4
                0x08014d1c        0x7 build/debug/Core/Src/main.o
 .rodata.HAL_UART_RxCpltCallback.str1.4
                0x08014d1c        0x3 build/debug/Core/Src/main.o
 .rodata.APBPrescTable
                0x08014d1c        0x8 build/debug/Core/Src/system_stm32f4xx.o
                0x08014d1c                APBPrescTable
 .rodata.AHBPrescTable
                0x08014d24       0x10 build/debug/Core/Src/system_stm32f4xx.o
                0x08014d24                AHBPrescTable
 .rodata.flagBitshiftOffset.0
                0x08014d34        0x8 build/debug/Drivers/STM32F4xx_HAL_Driver/Src/stm32f4xx_hal_dma.o
 .rodata._strtod_l.str1.1
                0x08014d3c      0x245 c:/Users/kroko/AppData/Roaming/Code/User/globalStorage/bmd.stm32-for-vscode/@xpack-dev-tools/arm-none-eabi-gcc/13.3.1-1.1.1/.content/bin/../lib/gcc/arm-none-eabi/13.3.1/../../../../arm-none-eabi/lib/thumb/v7e-m+fp/hard\libc_nano.a(libc_a-strtod.o)
                                  0xf (size before relaxing)
 *fill*         0x08014f81        0x3 
 .rodata.fpinan.0
                0x08014f84       0x14 c:/Users/kroko/AppData/Roaming/Code/User/globalStorage/bmd.stm32-for-vscode/@xpack-dev-tools/arm-none-eabi-gcc/13.3.1-1.1.1/.content/bin/../lib/gcc/arm-none-eabi/13.3.1/../../../../arm-none-eabi/lib/thumb/v7e-m+fp/hard\libc_nano.a(libc_a-strtod.o)
 .rodata.fpi.1  0x08014f98       0x14 c:/Users/kroko/AppData/Roaming/Code/User/globalStorage/bmd.stm32-for-vscode/@xpack-dev-tools/arm-none-eabi-gcc/13.3.1-1.1.1/.content/bin/../lib/gcc/arm-none-eabi/13.3.1/../../../../arm-none-eabi/lib/thumb/v7e-m+fp/hard\libc_nano.a(libc_a-strtod.o)
 *fill*         0x08014fac        0x4 
 .rodata.tinytens
                0x08014fb0       0x28 c:/Users/kroko/AppData/Roaming/Code/User/globalStorage/bmd.stm32-for-vscode/@xpack-dev-tools/arm-none-eabi-gcc/13.3.1-1.1.1/.content/bin/../lib/gcc/arm-none-eabi/13.3.1/../../../../arm-none-eabi/lib/thumb/v7e-m+fp/hard\libc_nano.a(libc_a-strtod.o)
 .rodata._setlocale_r.str1.1
                0x08014fd8        0x9 c:/Users/kroko/AppData/Roaming/Code/User/globalStorage/bmd.stm32-for-vscode/@xpack-dev-tools/arm-none-eabi-gcc/13.3.1-1.1.1/.content/bin/../lib/gcc/arm-none-eabi/13.3.1/../../../../arm-none-eabi/lib/thumb/v7e-m+fp/hard\libc_nano.a(libc_a-locale.o)
 .rodata.str1.1
                0x08014fd8        0x2 c:/Users/kroko/AppData/Roaming/Code/User/globalStorage/bmd.stm32-for-vscode/@xpack-dev-tools/arm-none-eabi-gcc/13.3.1-1.1.1/.content/bin/../lib/gcc/arm-none-eabi/13.3.1/../../../../arm-none-eabi/lib/thumb/v7e-m+fp/hard\libc_nano.a(libc_a-locale.o)
 .rodata.__gethex.str1.1
                0x08014fd8       0x9d c:/Users/kroko/AppData/Roaming/Code/User/globalStorage/bmd.stm32-for-vscode/@xpack-dev-tools/arm-none-eabi-gcc/13.3.1-1.1.1/.content/bin/../lib/gcc/arm-none-eabi/13.3.1/../../../../arm-none-eabi/lib/thumb/v7e-m+fp/hard\libc_nano.a(libc_a-gdtoa-gethex.o)
 .rodata._Balloc.str1.1
                0x08014fd8       0x9a c:/Users/kroko/AppData/Roaming/Code/User/globalStorage/bmd.stm32-for-vscode/@xpack-dev-tools/arm-none-eabi-gcc/13.3.1-1.1.1/.content/bin/../lib/gcc/arm-none-eabi/13.3.1/../../../../arm-none-eabi/lib/thumb/v7e-m+fp/hard\libc_nano.a(libc_a-mprec.o)
 .rodata.__multadd.str1.1
                0x08014fd8       0x11 c:/Users/kroko/AppData/Roaming/Code/User/globalStorage/bmd.stm32-for-vscode/@xpack-dev-tools/arm-none-eabi-gcc/13.3.1-1.1.1/.content/bin/../lib/gcc/arm-none-eabi/13.3.1/../../../../arm-none-eabi/lib/thumb/v7e-m+fp/hard\libc_nano.a(libc_a-mprec.o)
 .rodata.p05.0  0x08014fd8        0xc c:/Users/kroko/AppData/Roaming/Code/User/globalStorage/bmd.stm32-for-vscode/@xpack-dev-tools/arm-none-eabi-gcc/13.3.1-1.1.1/.content/bin/../lib/gcc/arm-none-eabi/13.3.1/../../../../arm-none-eabi/lib/thumb/v7e-m+fp/hard\libc_nano.a(libc_a-mprec.o)
 *fill*         0x08014fe4        0x4 
 .rodata.__mprec_bigtens
                0x08014fe8       0x28 c:/Users/kroko/AppData/Roaming/Code/User/globalStorage/bmd.stm32-for-vscode/@xpack-dev-tools/arm-none-eabi-gcc/13.3.1-1.1.1/.content/bin/../lib/gcc/arm-none-eabi/13.3.1/../../../../arm-none-eabi/lib/thumb/v7e-m+fp/hard\libc_nano.a(libc_a-mprec.o)
                0x08014fe8                __mprec_bigtens
 .rodata.__mprec_tens
                0x08015010       0xc8 c:/Users/kroko/AppData/Roaming/Code/User/globalStorage/bmd.stm32-for-vscode/@xpack-dev-tools/arm-none-eabi-gcc/13.3.1-1.1.1/.content/bin/../lib/gcc/arm-none-eabi/13.3.1/../../../../arm-none-eabi/lib/thumb/v7e-m+fp/hard\libc_nano.a(libc_a-mprec.o)
                0x08015010                __mprec_tens
 .rodata._ctype_
                0x080150d8      0x101 c:/Users/kroko/AppData/Roaming/Code/User/globalStorage/bmd.stm32-for-vscode/@xpack-dev-tools/arm-none-eabi-gcc/13.3.1-1.1.1/.content/bin/../lib/gcc/arm-none-eabi/13.3.1/../../../../arm-none-eabi/lib/thumb/v7e-m+fp/hard\libc_nano.a(libc_a-ctype_.o)
                0x080150d8                _ctype_
 .rodata._svfprintf_r.str1.1
                0x080151d9       0x11 c:/Users/kroko/AppData/Roaming/Code/User/globalStorage/bmd.stm32-for-vscode/@xpack-dev-tools/arm-none-eabi-gcc/13.3.1-1.1.1/.content/bin/../lib/gcc/arm-none-eabi/13.3.1/../../../../arm-none-eabi/lib/thumb/v7e-m+fp/hard\libc_nano.a(libc_a-nano-svfprintf.o)
 .rodata._printf_i.str1.1
                0x080151d9       0x22 c:/Users/kroko/AppData/Roaming/Code/User/globalStorage/bmd.stm32-for-vscode/@xpack-dev-tools/arm-none-eabi-gcc/13.3.1-1.1.1/.content/bin/../lib/gcc/arm-none-eabi/13.3.1/../../../../arm-none-eabi/lib/thumb/v7e-m+fp/hard\libc_nano.a(libc_a-nano-vfprintf_i.o)
 .rodata.__assert_func.str1.1
                0x080151d9       0x3d c:/Users/kroko/AppData/Roaming/Code/User/globalStorage/bmd.stm32-for-vscode/@xpack-dev-tools/arm-none-eabi-gcc/13.3.1-1.1.1/.content/bin/../lib/gcc/arm-none-eabi/13.3.1/../../../../arm-none-eabi/lib/thumb/v7e-m+fp/hard\libc_nano.a(libc_a-assert.o)
 .rodata._dtoa_r.str1.1
                0x080151d9       0xb9 c:/Users/kroko/AppData/Roaming/Code/User/globalStorage/bmd.stm32-for-vscode/@xpack-dev-tools/arm-none-eabi-gcc/13.3.1-1.1.1/.content/bin/../lib/gcc/arm-none-eabi/13.3.1/../../../../arm-none-eabi/lib/thumb/v7e-m+fp/hard\libc_nano.a(libc_a-dtoa.o)
 .rodata._vfprintf_r.str1.1
                0x080151d9       0x11 c:/Users/kroko/AppData/Roaming/Code/User/globalStorage/bmd.stm32-for-vscode/@xpack-dev-tools/arm-none-eabi-gcc/13.3.1-1.1.1/.content/bin/../lib/gcc/arm-none-eabi/13.3.1/../../../../arm-none-eabi/lib/thumb/v7e-m+fp/hard\libc_nano.a(libc_a-nano-vfprintf.o)
 *fill*         0x080151d9        0x3 
 .rodata.npio2_hw
                0x080151dc       0x80 c:/Users/kroko/AppData/Roaming/Code/User/globalStorage/bmd.stm32-for-vscode/@xpack-dev-tools/arm-none-eabi-gcc/13.3.1-1.1.1/.content/bin/../lib/gcc/arm-none-eabi/13.3.1/../../../../arm-none-eabi/lib/thumb/v7e-m+fp/hard\libm.a(libm_a-e_rem_pio2.o)
 .rodata.two_over_pi
                0x0801525c      0x108 c:/Users/kroko/AppData/Roaming/Code/User/globalStorage/bmd.stm32-for-vscode/@xpack-dev-tools/arm-none-eabi-gcc/13.3.1-1.1.1/.content/bin/../lib/gcc/arm-none-eabi/13.3.1/../../../../arm-none-eabi/lib/thumb/v7e-m+fp/hard\libm.a(libm_a-e_rem_pio2.o)
 *fill*         0x08015364        0x4 
 .rodata.PIo2   0x08015368       0x40 c:/Users/kroko/AppData/Roaming/Code/User/globalStorage/bmd.stm32-for-vscode/@xpack-dev-tools/arm-none-eabi-gcc/13.3.1-1.1.1/.content/bin/../lib/gcc/arm-none-eabi/13.3.1/../../../../arm-none-eabi/lib/thumb/v7e-m+fp/hard\libm.a(libm_a-k_rem_pio2.o)
 .rodata.init_jk